[2026-05-05 09:57:49] [INFO] ==================================================
[2026-05-05 09:57:49] [INFO] TEST: TRỒNG CÂY
[2026-05-05 09:57:49] [INFO] ==================================================
[2026-05-05 09:57:49] [INFO] Tìm thấy ADB trong PATH
[2026-05-05 09:57:49] [INFO] Đang kết nối tới 127.0.0.1:5555...
[2026-05-05 09:57:51] [INFO] ✅ Đã kết nối: 127.0.0.1:5555
[2026-05-05 09:57:51] [INFO] 🌱 Bắt đầu TRỒNG CÂY...
[2026-05-05 09:57:51] [INFO]   --- Ô đất #1 tại (533, 1396) ---
[2026-05-05 09:57:52] [DEBUG] Tap: (533, 1396)
[2026-05-05 09:57:52] [INFO]   Tap ô đất (533, 1396)
[2026-05-05 09:57:55] [DEBUG] Tap: (90, 960)
[2026-05-05 09:57:56] [INFO]   🌸 Chọn hoa tại (90, 960)
[2026-05-05 09:57:59] [DEBUG] Tap: (533, 1396)
[2026-05-05 09:57:59] [INFO]   Tap ô đất (533, 1396)
[2026-05-05 09:58:02] [DEBUG] Tap: (628, 1179)
[2026-05-05 09:58:03] [INFO]   ⚡ Tưới nhanh tại (628, 1179)
[2026-05-05 09:58:06] [DEBUG] Tap: (533, 1396)
[2026-05-05 09:58:06] [INFO]   Tap ô đất (533, 1396)
[2026-05-05 09:58:09] [DEBUG] Tap: (628, 1179)
[2026-05-05 09:58:09] [INFO]   ⚡ Thu hoạch nhanh tại (628, 1179)
[2026-05-05 09:58:13] [DEBUG] Tap: (533, 1396)
[2026-05-05 09:58:13] [INFO]   Tap ô đất (533, 1396)
[2026-05-05 09:58:16] [DEBUG] Tap: (817, 1185)
[2026-05-05 09:58:16] [INFO]   ✅ Tap (817, 1185)
[2026-05-05 09:58:19] [INFO]   ✅ Hoàn thành ô #1
[2026-05-05 09:58:19] [INFO] 🌾 Đã trồng & thu hoạch 1/1 ô
[2026-05-05 09:58:19] [INFO] Kết quả: 1 ô đã trồng & thu hoạch
[2026-05-05 09:58:19] [INFO] Đã ngắt kết nối ADB
[2026-05-05 09:58:19] [INFO] DONE
[2026-05-05 09:58:47] [INFO] ==================================================
[2026-05-05 09:58:47] [INFO] TEST: GIAO HÀNG
[2026-05-05 09:58:47] [INFO] ==================================================
[2026-05-05 09:58:47] [INFO] Tìm thấy ADB trong PATH
[2026-05-05 09:58:47] [INFO] Đang kết nối tới 127.0.0.1:5555...
[2026-05-05 09:58:49] [INFO] ✅ Đã kết nối: 127.0.0.1:5555
[2026-05-05 09:58:49] [INFO] 📦 Bắt đầu XỬ LÝ ĐƠN HÀNG...
[2026-05-05 09:58:51] [DEBUG] Screenshot OK: (900, 1600)
[2026-05-05 09:58:51] [INFO] Tìm thấy 4 dấu (!): 3 đỏ, 1 vàng
[2026-05-05 09:58:51] [INFO]   🔴 Click dấu (!) red tại (279, 659) conf=1.00
[2026-05-05 09:58:51] [DEBUG] Tap: (279, 659)
[2026-05-05 09:58:55] [DEBUG] Screenshot OK: (900, 1600)
[2026-05-05 09:58:56] [DEBUG] Found btn_chua_co_hang.png at (275,1277) conf=1.000
[2026-05-05 09:58:56] [DEBUG] Tap: (275, 1277)
[2026-05-05 09:58:56] [INFO] Tap btn_chua_co_hang.png at (275,1277)
[2026-05-05 09:58:56] [INFO]   ✅ Đã click 'Chưa có hàng'
[2026-05-05 09:58:57] [INFO]   ✅ Xử lý đơn #1
[2026-05-05 09:58:58] [INFO]   🔴 Click dấu (!) red tại (772, 633) conf=1.00
[2026-05-05 09:58:58] [DEBUG] Tap: (772, 633)
[2026-05-05 09:59:02] [DEBUG] Screenshot OK: (900, 1600)
[2026-05-05 09:59:02] [DEBUG] Found btn_chua_co_hang.png at (275,1277) conf=1.000
[2026-05-05 09:59:03] [DEBUG] Tap: (275, 1277)
[2026-05-05 09:59:03] [INFO] Tap btn_chua_co_hang.png at (275,1277)
[2026-05-05 09:59:03] [INFO]   ✅ Đã click 'Chưa có hàng'
[2026-05-05 09:59:04] [INFO]   ✅ Xử lý đơn #2
[2026-05-05 09:59:05] [INFO]   🔴 Click dấu (!) red tại (657, 392) conf=1.00
[2026-05-05 09:59:05] [DEBUG] Tap: (657, 392)
[2026-05-05 09:59:09] [DEBUG] Screenshot OK: (900, 1600)
[2026-05-05 09:59:09] [DEBUG] Found btn_chua_co_hang.png at (275,1277) conf=1.000
[2026-05-05 09:59:09] [DEBUG] Tap: (275, 1277)
[2026-05-05 09:59:10] [INFO] Tap btn_chua_co_hang.png at (275,1277)
[2026-05-05 09:59:10] [INFO]   ✅ Đã click 'Chưa có hàng'
[2026-05-05 09:59:11] [INFO]   ✅ Xử lý đơn #3
[2026-05-05 09:59:12] [INFO]   🟡 Click dấu (!) yellow tại (634, 1336) conf=0.98
[2026-05-05 09:59:12] [DEBUG] Tap: (634, 1336)
[2026-05-05 09:59:16] [DEBUG] Screenshot OK: (900, 1600)
[2026-05-05 09:59:17] [DEBUG] Screenshot OK: (900, 1600)
[2026-05-05 09:59:17] [WARNING]   Nhấn Back để đóng
[2026-05-05 09:59:18] [DEBUG] Key event: 4
[2026-05-05 09:59:19] [INFO]   ✅ Xử lý đơn #4
[2026-05-05 09:59:23] [DEBUG] Screenshot OK: (900, 1600)
[2026-05-05 09:59:23] [INFO] Tìm thấy 1 dấu (!): 0 đỏ, 1 vàng
[2026-05-05 09:59:23] [INFO]   🟡 Click dấu (!) yellow tại (634, 1336) conf=0.98
[2026-05-05 09:59:23] [DEBUG] Tap: (634, 1336)
[2026-05-05 09:59:27] [DEBUG] Screenshot OK: (900, 1600)
[2026-05-05 09:59:28] [DEBUG] Screenshot OK: (900, 1600)
[2026-05-05 09:59:29] [WARNING]   Nhấn Back để đóng
[2026-05-05 09:59:29] [DEBUG] Key event: 4
[2026-05-05 09:59:30] [INFO]   ✅ Xử lý đơn #5
[2026-05-05 09:59:34] [DEBUG] Screenshot OK: (900, 1600)
[2026-05-05 09:59:34] [INFO] Đã xử lý 5 đơn hàng
[2026-05-05 09:59:34] [INFO] Kết quả giao hàng: 5 đơn đã xử lý
[2026-05-05 09:59:35] [INFO] Đã ngắt kết nối ADB
[2026-05-05 09:59:35] [INFO] DONE
[2026-05-05 10:05:42] [INFO] ==================================================
[2026-05-05 10:05:42] [INFO] TEST: GIAO HÀNG
[2026-05-05 10:05:42] [INFO] ==================================================
[2026-05-05 10:05:42] [INFO] Tìm thấy ADB trong PATH
[2026-05-05 10:05:42] [INFO] Đang kết nối tới 127.0.0.1:5555...
[2026-05-05 10:05:44] [INFO] ✅ Đã kết nối: 127.0.0.1:5555
[2026-05-05 10:05:44] [INFO] 📦 Bắt đầu XỬ LÝ ĐƠN HÀNG...
[2026-05-05 10:05:45] [DEBUG] Screenshot OK: (900, 1600)
[2026-05-05 10:05:46] [INFO] Tìm thấy 3 dấu (!): 2 đỏ, 1 vàng
[2026-05-05 10:05:46] [INFO]   🔴 Click dấu (!) red tại (752, 715) conf=1.00
[2026-05-05 10:05:46] [DEBUG] Tap: (752, 715)
[2026-05-05 10:05:50] [DEBUG] Screenshot OK: (900, 1600)
[2026-05-05 10:05:51] [DEBUG] Found btn_chua_co_hang.png at (275,1277) conf=1.000
[2026-05-05 10:05:51] [DEBUG] Tap: (275, 1277)
[2026-05-05 10:05:51] [INFO] Tap btn_chua_co_hang.png at (275,1277)
[2026-05-05 10:05:51] [INFO]   ✅ Đã click 'Chưa có hàng'
[2026-05-05 10:05:52] [INFO]   ✅ Xử lý đơn #1
[2026-05-05 10:05:53] [INFO]   🔴 Click dấu (!) red tại (258, 702) conf=1.00
[2026-05-05 10:05:53] [DEBUG] Tap: (258, 702)
[2026-05-05 10:05:57] [DEBUG] Screenshot OK: (900, 1600)
[2026-05-05 10:05:58] [DEBUG] Found btn_chua_co_hang.png at (275,1277) conf=1.000
[2026-05-05 10:05:58] [DEBUG] Tap: (275, 1277)
[2026-05-05 10:05:58] [INFO] Tap btn_chua_co_hang.png at (275,1277)
[2026-05-05 10:05:58] [INFO]   ✅ Đã click 'Chưa có hàng'
[2026-05-05 10:05:59] [INFO]   ✅ Xử lý đơn #2
[2026-05-05 10:06:00] [INFO]   🟡 Click dấu (!) yellow tại (637, 452) conf=0.98
[2026-05-05 10:06:00] [DEBUG] Tap: (637, 452)
[2026-05-05 10:06:04] [DEBUG] Screenshot OK: (900, 1600)
[2026-05-05 10:06:04] [DEBUG] Found btn_den_lam.png at (597,1277) conf=1.000
[2026-05-05 10:06:05] [DEBUG] Tap: (597, 1277)
[2026-05-05 10:06:05] [INFO] Tap btn_den_lam.png at (597,1277)
[2026-05-05 10:06:05] [INFO]   🔨 Đã click 'Đến làm'
[2026-05-05 10:06:08] [DEBUG] Screenshot OK: (900, 1600)
[2026-05-05 10:06:08] [DEBUG] Found btn_lam.png at (445,1477) conf=0.988
[2026-05-05 10:06:08] [DEBUG] Tap: (445, 1477)
[2026-05-05 10:06:08] [INFO]   ✅ Đã click 'Làm' tại (445, 1477)
[2026-05-05 10:06:11] [DEBUG] Tap: (450, 1550)
[2026-05-05 10:06:12] [INFO]   ✅ Tap ngoài popup 'Làm xong'
[2026-05-05 10:06:14] [DEBUG] Screenshot OK: (900, 1600)
[2026-05-05 10:06:15] [DEBUG] Found btn_giao.png at (595,1277) conf=1.000
[2026-05-05 10:06:15] [DEBUG] Tap: (595, 1277)
[2026-05-05 10:06:15] [INFO]   📦 Đã click 'Giao' tại (595, 1277)
[2026-05-05 10:06:18] [DEBUG] Tap: (450, 1200)
[2026-05-05 10:06:18] [INFO]   🎉 Đã đóng popup phần thưởng
[2026-05-05 10:06:19] [INFO]   ✅ Xử lý đơn #3
[2026-05-05 10:06:23] [DEBUG] Screenshot OK: (900, 1600)
[2026-05-05 10:06:24] [INFO] Đã xử lý 3 đơn hàng
[2026-05-05 10:06:24] [INFO] Kết quả giao hàng: 3 đơn đã xử lý
[2026-05-05 10:06:24] [INFO] Đã ngắt kết nối ADB
[2026-05-05 10:06:24] [INFO] DONE
[2026-05-05 10:10:10] [INFO] ==================================================
[2026-05-05 10:10:10] [INFO] TEST: GIAO HÀNG
[2026-05-05 10:10:10] [INFO] ==================================================
[2026-05-05 10:10:10] [INFO] Tìm thấy ADB trong PATH
[2026-05-05 10:10:10] [INFO] Đang kết nối tới 127.0.0.1:5555...
[2026-05-05 10:10:12] [INFO] ✅ Đã kết nối: 127.0.0.1:5555
[2026-05-05 10:10:12] [INFO] 📦 Bắt đầu XỬ LÝ ĐƠN HÀNG...
[2026-05-05 10:10:13] [DEBUG] Screenshot OK: (900, 1600)
[2026-05-05 10:10:14] [INFO] Tìm thấy 1 dấu (!): 0 đỏ, 1 vàng
[2026-05-05 10:10:14] [INFO]   🟡 Click dấu (!) yellow tại (753, 758) conf=0.98
[2026-05-05 10:10:14] [DEBUG] Tap: (753, 758)
[2026-05-05 10:10:18] [DEBUG] Screenshot OK: (900, 1600)
[2026-05-05 10:10:19] [DEBUG] Found btn_den_lam.png at (597,1277) conf=1.000
[2026-05-05 10:10:19] [DEBUG] Tap: (597, 1277)
[2026-05-05 10:10:19] [INFO] Tap btn_den_lam.png at (597,1277)
[2026-05-05 10:10:19] [INFO]   🔨 Đã click 'Đến làm'
[2026-05-05 10:10:22] [DEBUG] Screenshot OK: (900, 1600)
[2026-05-05 10:10:22] [DEBUG] Found btn_lam.png at (445,1477) conf=0.990
[2026-05-05 10:10:22] [DEBUG] Tap: (445, 1477)
[2026-05-05 10:10:22] [INFO]   ✅ Đã click 'Làm' tại (445, 1477)
[2026-05-05 10:10:25] [DEBUG] Tap: (450, 1550)
[2026-05-05 10:10:26] [INFO]   ✅ Tap ngoài popup 'Làm xong'
[2026-05-05 10:10:29] [DEBUG] Screenshot OK: (900, 1600)
[2026-05-05 10:10:29] [DEBUG] Found btn_giao.png at (595,1277) conf=1.000
[2026-05-05 10:10:29] [DEBUG] Tap: (595, 1277)
[2026-05-05 10:10:29] [INFO]   📦 Đã click 'Giao' tại (595, 1277)
[2026-05-05 10:10:32] [DEBUG] Tap: (450, 1200)
[2026-05-05 10:10:33] [INFO]   🎉 Đã đóng popup phần thưởng
[2026-05-05 10:10:34] [INFO]   ✅ Xử lý đơn #1
[2026-05-05 10:10:38] [DEBUG] Screenshot OK: (900, 1600)
[2026-05-05 10:10:38] [INFO] Đã xử lý 1 đơn hàng
[2026-05-05 10:10:38] [INFO] Kết quả giao hàng: 1 đơn đã xử lý
[2026-05-05 10:10:38] [INFO] Đã ngắt kết nối ADB
[2026-05-05 10:10:38] [INFO] DONE
[2026-05-05 10:10:54] [INFO] ==================================================
[2026-05-05 10:10:54] [INFO] TEST: TRỒNG CÂY
[2026-05-05 10:10:54] [INFO] ==================================================
[2026-05-05 10:10:54] [INFO] Tìm thấy ADB trong PATH
[2026-05-05 10:10:54] [INFO] Đang kết nối tới 127.0.0.1:5555...
[2026-05-05 10:10:57] [INFO] ✅ Đã kết nối: 127.0.0.1:5555
[2026-05-05 10:10:57] [INFO] 🌱 Bắt đầu TRỒNG CÂY...
[2026-05-05 10:10:57] [INFO]   --- Ô đất #1 tại (533, 1396) ---
[2026-05-05 10:10:57] [DEBUG] Tap: (533, 1396)
[2026-05-05 10:10:57] [INFO]   Tap ô đất (533, 1396)
[2026-05-05 10:11:00] [DEBUG] Tap: (90, 960)
[2026-05-05 10:11:00] [INFO]   🌸 Chọn hoa tại (90, 960)
[2026-05-05 10:11:04] [DEBUG] Tap: (533, 1396)
[2026-05-05 10:11:04] [INFO]   Tap ô đất (533, 1396)
[2026-05-05 10:11:07] [DEBUG] Tap: (628, 1179)
[2026-05-05 10:11:07] [INFO]   ⚡ Tưới nhanh tại (628, 1179)
[2026-05-05 10:11:10] [DEBUG] Tap: (533, 1396)
[2026-05-05 10:11:11] [INFO]   Tap ô đất (533, 1396)
[2026-05-05 10:11:14] [DEBUG] Tap: (628, 1179)
[2026-05-05 10:11:14] [INFO]   ⚡ Thu hoạch nhanh tại (628, 1179)
[2026-05-05 10:11:17] [DEBUG] Tap: (533, 1396)
[2026-05-05 10:11:18] [INFO]   Tap ô đất (533, 1396)
[2026-05-05 10:11:21] [DEBUG] Tap: (817, 1185)
[2026-05-05 10:11:21] [INFO]   ✅ Tap (817, 1185)
[2026-05-05 10:11:24] [INFO]   ✅ Hoàn thành ô #1
[2026-05-05 10:11:24] [INFO] 🌾 Đã trồng & thu hoạch 1/1 ô
[2026-05-05 10:11:24] [INFO] Kết quả: 1 ô đã trồng & thu hoạch
[2026-05-05 10:11:24] [INFO] Đã ngắt kết nối ADB
[2026-05-05 10:11:24] [INFO] DONE
[2026-05-05 10:13:01] [INFO] ==================================================
[2026-05-05 10:13:01] [INFO] TEST: GIAO HÀNG
[2026-05-05 10:13:01] [INFO] ==================================================
[2026-05-05 10:13:01] [INFO] Tìm thấy ADB trong PATH
[2026-05-05 10:13:01] [INFO] Đang kết nối tới 127.0.0.1:5555...
[2026-05-05 10:13:03] [INFO] ✅ Đã kết nối: 127.0.0.1:5555
[2026-05-05 10:13:03] [INFO] 📦 Bắt đầu XỬ LÝ ĐƠN HÀNG...
[2026-05-05 10:13:04] [DEBUG] Screenshot OK: (900, 1600)
[2026-05-05 10:13:05] [INFO] Tìm thấy 2 dấu (!): 0 đỏ, 2 vàng
[2026-05-05 10:13:05] [INFO]   🟡 Click dấu (!) yellow tại (259, 746) conf=0.98
[2026-05-05 10:13:05] [DEBUG] Tap: (259, 746)
[2026-05-05 10:13:09] [DEBUG] Screenshot OK: (900, 1600)
[2026-05-05 10:13:09] [DEBUG] Found btn_den_lam.png at (597,1277) conf=1.000
[2026-05-05 10:13:09] [DEBUG] Tap: (597, 1277)
[2026-05-05 10:13:10] [INFO] Tap btn_den_lam.png at (597,1277)
[2026-05-05 10:13:10] [INFO]   🔨 Đã click 'Đến làm'
[2026-05-05 10:13:12] [DEBUG] Screenshot OK: (900, 1600)
[2026-05-05 10:13:13] [DEBUG] Found btn_lam.png at (445,1477) conf=0.988
[2026-05-05 10:13:13] [DEBUG] Tap: (445, 1477)
[2026-05-05 10:13:13] [INFO]   ✅ Đã click 'Làm' tại (445, 1477)
[2026-05-05 10:13:16] [DEBUG] Tap: (450, 1550)
[2026-05-05 10:13:16] [INFO]   ✅ Tap ngoài popup 'Làm xong'
[2026-05-05 10:13:19] [DEBUG] Screenshot OK: (900, 1600)
[2026-05-05 10:13:19] [DEBUG] Found btn_giao.png at (595,1277) conf=1.000
[2026-05-05 10:13:20] [DEBUG] Tap: (595, 1277)
[2026-05-05 10:13:20] [INFO]   📦 Đã click 'Giao' tại (595, 1277)
[2026-05-05 10:13:23] [DEBUG] Tap: (450, 1200)
[2026-05-05 10:13:23] [INFO]   🎉 Đã đóng popup phần thưởng
[2026-05-05 10:13:24] [INFO]   ✅ Xử lý đơn #1
[2026-05-05 10:13:25] [INFO]   🟡 Click dấu (!) yellow tại (637, 452) conf=0.98
[2026-05-05 10:13:25] [DEBUG] Tap: (637, 452)
[2026-05-05 10:13:30] [DEBUG] Screenshot OK: (900, 1600)
[2026-05-05 10:13:30] [DEBUG] Found btn_den_lam.png at (597,1277) conf=1.000
[2026-05-05 10:13:30] [DEBUG] Tap: (597, 1277)
[2026-05-05 10:13:30] [INFO] Tap btn_den_lam.png at (597,1277)
[2026-05-05 10:13:30] [INFO]   🔨 Đã click 'Đến làm'
[2026-05-05 10:13:33] [DEBUG] Screenshot OK: (900, 1600)
[2026-05-05 10:13:33] [DEBUG] Found btn_lam.png at (445,1477) conf=0.988
[2026-05-05 10:13:33] [DEBUG] Tap: (445, 1477)
[2026-05-05 10:13:34] [INFO]   ✅ Đã click 'Làm' tại (445, 1477)
[2026-05-05 10:13:37] [DEBUG] Tap: (450, 1550)
[2026-05-05 10:13:37] [INFO]   ✅ Tap ngoài popup 'Làm xong'
[2026-05-05 10:13:40] [DEBUG] Screenshot OK: (900, 1600)
[2026-05-05 10:13:40] [DEBUG] Found btn_giao.png at (595,1277) conf=1.000
[2026-05-05 10:13:40] [DEBUG] Tap: (595, 1277)
[2026-05-05 10:13:40] [INFO]   📦 Đã click 'Giao' tại (595, 1277)
[2026-05-05 10:13:44] [DEBUG] Tap: (450, 1200)
[2026-05-05 10:13:44] [INFO]   🎉 Đã đóng popup phần thưởng
[2026-05-05 10:13:45] [INFO]   ✅ Xử lý đơn #2
[2026-05-05 10:13:49] [DEBUG] Screenshot OK: (900, 1600)
[2026-05-05 10:13:49] [INFO] Đã xử lý 2 đơn hàng
[2026-05-05 10:13:49] [INFO] Kết quả giao hàng: 2 đơn đã xử lý
[2026-05-05 10:13:49] [INFO] Đã ngắt kết nối ADB
[2026-05-05 10:13:49] [INFO] DONE
[2026-05-05 10:17:28] [INFO] ==================================================
[2026-05-05 10:17:28] [INFO] TEST: GIAO HÀNG
[2026-05-05 10:17:28] [INFO] ==================================================
[2026-05-05 10:17:28] [INFO] Tìm thấy ADB trong PATH
[2026-05-05 10:17:28] [INFO] Đang kết nối tới 127.0.0.1:5555...
[2026-05-05 10:17:30] [INFO] ✅ Đã kết nối: 127.0.0.1:5555
[2026-05-05 10:17:30] [INFO] 📦 Bắt đầu XỬ LÝ ĐƠN HÀNG...
[2026-05-05 10:17:31] [DEBUG] Screenshot OK: (900, 1600)
[2026-05-05 10:17:32] [INFO] Tìm thấy 2 dấu (!): 1 đỏ, 1 vàng
[2026-05-05 10:17:32] [INFO]   🔴 Click dấu (!) red tại (258, 705) conf=1.00
[2026-05-05 10:17:32] [DEBUG] Tap: (258, 705)
[2026-05-05 10:17:36] [DEBUG] Screenshot OK: (900, 1600)
[2026-05-05 10:17:37] [DEBUG] Found btn_chua_co_hang.png at (275,1277) conf=1.000
[2026-05-05 10:17:37] [DEBUG] Tap: (275, 1277)
[2026-05-05 10:17:37] [INFO] Tap btn_chua_co_hang.png at (275,1277)
[2026-05-05 10:17:37] [INFO]   ✅ Đã click 'Chưa có hàng'
[2026-05-05 10:17:38] [INFO]   ✅ Xử lý đơn #1
[2026-05-05 10:17:39] [INFO]   🟡 Click dấu (!) yellow tại (637, 452) conf=0.98
[2026-05-05 10:17:39] [DEBUG] Tap: (637, 452)
[2026-05-05 10:17:43] [DEBUG] Screenshot OK: (900, 1600)
[2026-05-05 10:17:43] [DEBUG] Found btn_den_lam.png at (597,1277) conf=1.000
[2026-05-05 10:17:44] [DEBUG] Tap: (597, 1277)
[2026-05-05 10:17:44] [INFO] Tap btn_den_lam.png at (597,1277)
[2026-05-05 10:17:44] [INFO]   🔨 Đã click 'Đến làm'
[2026-05-05 10:17:47] [DEBUG] Screenshot OK: (900, 1600)
[2026-05-05 10:17:47] [DEBUG] Found btn_lam.png at (445,1477) conf=0.988
[2026-05-05 10:17:47] [DEBUG] Tap: (445, 1477)
[2026-05-05 10:17:47] [INFO]   ✅ Đã click 'Làm' tại (445, 1477)
[2026-05-05 10:17:50] [DEBUG] Tap: (450, 1550)
[2026-05-05 10:17:51] [INFO]   ✅ Tap ngoài popup 'Làm xong'
[2026-05-05 10:17:53] [DEBUG] Screenshot OK: (900, 1600)
[2026-05-05 10:17:54] [DEBUG] Found btn_giao.png at (595,1277) conf=1.000
[2026-05-05 10:17:54] [DEBUG] Tap: (595, 1277)
[2026-05-05 10:17:54] [INFO]   📦 Đã click 'Giao' tại (595, 1277)
[2026-05-05 10:17:57] [DEBUG] Tap: (450, 1200)
[2026-05-05 10:17:57] [INFO]   🎉 Đã đóng popup phần thưởng
[2026-05-05 10:17:58] [INFO]   ✅ Xử lý đơn #2
[2026-05-05 10:18:02] [DEBUG] Screenshot OK: (900, 1600)
[2026-05-05 10:18:03] [INFO] Đã xử lý 2 đơn hàng
[2026-05-05 10:18:03] [INFO] Kết quả giao hàng: 2 đơn đã xử lý
[2026-05-05 10:18:03] [INFO] Đã ngắt kết nối ADB
[2026-05-05 10:18:03] [INFO] DONE
