[2026-04-26 12:03:37] [INFO] Tìm thấy ADB trong PATH
[2026-04-26 12:03:37] [INFO] Đang kết nối tới 127.0.0.1:5555...
[2026-04-26 12:03:38] [INFO] ✅ Đã kết nối: 127.0.0.1:5555
[2026-04-26 12:03:38] [ERROR] Không thể chụp màn hình!
[2026-04-26 12:22:00] [INFO] Tìm thấy ADB trong PATH
[2026-04-26 12:22:00] [INFO] Đang kết nối tới 127.0.0.1:5555...
[2026-04-26 12:22:02] [INFO] ✅ Đã kết nối: 127.0.0.1:5555
[2026-04-26 12:22:03] [DEBUG] Screenshot OK: (900, 1600)
[2026-04-26 12:22:04] [DEBUG] Tap: (583, 273)
[2026-04-26 12:22:28] [INFO] Tìm thấy ADB trong PATH
[2026-04-26 12:22:28] [INFO] Đang kết nối tới 127.0.0.1:5555...
[2026-04-26 12:22:30] [INFO] ✅ Đã kết nối: 127.0.0.1:5555
[2026-04-26 12:22:32] [DEBUG] Screenshot OK: (900, 1600)
[2026-04-26 12:30:20] [INFO] Tìm thấy ADB trong PATH
[2026-04-26 12:30:20] [INFO] ==================================================
[2026-04-26 12:30:20] [INFO] 🌱 KHỞI ĐỘNG AUTO GAME - THẾ GIỚI HOA VIÊN
[2026-04-26 12:30:20] [INFO] ==================================================
[2026-04-26 12:30:20] [INFO] Đang kết nối tới 127.0.0.1:5555...
[2026-04-26 12:30:22] [INFO] ✅ Đã kết nối: 127.0.0.1:5555
[2026-04-26 12:30:23] [INFO] Màn hình: 1600x900
[2026-04-26 12:30:23] [INFO] 📦 Bắt đầu XỬ LÝ ĐƠN HÀNG...
[2026-04-26 12:30:24] [DEBUG] Screenshot OK: (900, 1600)
[2026-04-26 12:30:24] [INFO] Tìm thấy 3 dấu (!): 2 đỏ, 1 vàng
[2026-04-26 12:30:24] [INFO]   🔴 Click dấu (!) red tại (583, 273) conf=1.00
[2026-04-26 12:30:25] [DEBUG] Tap: (583, 273)
[2026-04-26 12:30:29] [DEBUG] Screenshot OK: (900, 1600)
[2026-04-26 12:30:29] [DEBUG] Found btn_chua_co_hang.png at (275,1277) conf=1.000
[2026-04-26 12:30:29] [DEBUG] Tap: (275, 1277)
[2026-04-26 12:30:30] [INFO] Tap btn_chua_co_hang.png at (275,1277)
[2026-04-26 12:30:30] [INFO]   ✅ Đã click 'Chưa có hàng'
[2026-04-26 12:30:31] [INFO]   ✅ Xử lý đơn #1
[2026-04-26 12:30:32] [INFO]   🔴 Click dấu (!) red tại (204, 556) conf=0.98
[2026-04-26 12:30:32] [DEBUG] Tap: (204, 556)
[2026-04-26 12:30:36] [DEBUG] Screenshot OK: (900, 1600)
[2026-04-26 12:30:36] [DEBUG] Found btn_chua_co_hang.png at (275,1277) conf=1.000
[2026-04-26 12:30:36] [DEBUG] Tap: (275, 1277)
[2026-04-26 12:30:36] [INFO] Tap btn_chua_co_hang.png at (275,1277)
[2026-04-26 12:30:36] [INFO]   ✅ Đã click 'Chưa có hàng'
[2026-04-26 12:30:37] [INFO]   ✅ Xử lý đơn #2
[2026-04-26 12:30:38] [INFO]   🟡 Click dấu (!) yellow tại (669, 530) conf=0.96
[2026-04-26 12:30:39] [DEBUG] Tap: (669, 530)
[2026-04-26 12:30:43] [DEBUG] Screenshot OK: (900, 1600)
[2026-04-26 12:30:43] [DEBUG] Found btn_den_lam.png at (597,1277) conf=1.000
[2026-04-26 12:30:43] [DEBUG] Tap: (597, 1277)
[2026-04-26 12:30:43] [INFO] Tap btn_den_lam.png at (597,1277)
[2026-04-26 12:30:43] [INFO]   ✅ Đã click 'Đến làm'
[2026-04-26 12:30:44] [INFO]   ✅ Xử lý đơn #3
[2026-04-26 12:30:48] [DEBUG] Screenshot OK: (900, 1600)
[2026-04-26 12:30:48] [INFO] Đã xử lý 3 đơn hàng
[2026-04-26 12:30:48] [INFO] Đã ngắt kết nối ADB
[2026-04-26 12:30:48] [INFO] 🛑 Bot đã dừng
[2026-04-26 12:30:48] [INFO] --- THỐNG KÊ ---
[2026-04-26 12:30:48] [INFO]   Thu hoạch: 0
[2026-04-26 12:30:48] [INFO]   Trồng cây: 0
[2026-04-26 12:30:48] [INFO]   Đơn hàng:  3
[2026-04-26 12:30:48] [INFO]   Lỗi:       0
[2026-04-26 12:32:03] [INFO] Tìm thấy ADB trong PATH
[2026-04-26 12:32:03] [INFO] Đang kết nối tới 127.0.0.1:5555...
[2026-04-26 12:32:05] [INFO] ✅ Đã kết nối: 127.0.0.1:5555
[2026-04-26 12:32:06] [DEBUG] Screenshot OK: (900, 1600)
