[2026-05-19 19:08:06] [INFO] Tìm thấy ADB trong PATH
[2026-05-19 19:08:06] [INFO] ==================================================
[2026-05-19 19:08:06] [INFO] 🌱 KHỞI ĐỘNG AUTO GAME - THẾ GIỚI HOA VIÊN
[2026-05-19 19:08:06] [INFO] ==================================================
[2026-05-19 19:08:06] [INFO] Đang kết nối tới 127.0.0.1:5555...
[2026-05-19 19:08:09] [INFO] ✅ Đã kết nối: 127.0.0.1:5555
[2026-05-19 19:08:09] [INFO] Màn hình: 1600x900
[2026-05-19 19:08:09] [INFO] ========================================
[2026-05-19 19:08:09] [INFO] 🔄 BẮT ĐẦU CHU KỲ MỚI
[2026-05-19 19:08:09] [INFO] ========================================
[2026-05-19 19:08:09] [INFO] 📦 Bắt đầu XỬ LÝ ĐƠN HÀNG...
[2026-05-19 19:08:10] [DEBUG] Screenshot OK: (900, 1600)
[2026-05-19 19:08:10] [INFO] Tìm thấy 3 dấu (!): 2 đỏ, 1 vàng
[2026-05-19 19:08:10] [INFO]   🔴 Click dấu (!) red tại (272, 686) conf=1.00
[2026-05-19 19:08:11] [DEBUG] Tap: (272, 686)
[2026-05-19 19:08:15] [DEBUG] Screenshot OK: (900, 1600)
[2026-05-19 19:08:15] [DEBUG] Found btn_chua_co_hang.png at (275,1277) conf=1.000
[2026-05-19 19:08:16] [DEBUG] Tap: (275, 1277)
[2026-05-19 19:08:16] [INFO] Tap btn_chua_co_hang.png at (275,1277)
[2026-05-19 19:08:16] [INFO]   ✅ Đã click 'Chưa có hàng'
[2026-05-19 19:08:17] [INFO]   ✅ Xử lý đơn #1
[2026-05-19 19:08:18] [INFO]   🔴 Click dấu (!) red tại (650, 413) conf=1.00
[2026-05-19 19:08:18] [DEBUG] Tap: (650, 413)
[2026-05-19 19:08:22] [DEBUG] Screenshot OK: (900, 1600)
[2026-05-19 19:08:23] [DEBUG] Found btn_chua_co_hang.png at (275,1277) conf=1.000
[2026-05-19 19:08:23] [DEBUG] Tap: (275, 1277)
[2026-05-19 19:08:23] [INFO] Tap btn_chua_co_hang.png at (275,1277)
[2026-05-19 19:08:23] [INFO]   ✅ Đã click 'Chưa có hàng'
[2026-05-19 19:08:24] [INFO]   ✅ Xử lý đơn #2
[2026-05-19 19:08:25] [INFO]   🟡 Click dấu (!) yellow tại (766, 743) conf=0.98
[2026-05-19 19:08:25] [DEBUG] Tap: (766, 743)
[2026-05-19 19:08:29] [DEBUG] Screenshot OK: (900, 1600)
[2026-05-19 19:08:30] [DEBUG] Found btn_den_lam.png at (597,1277) conf=1.000
[2026-05-19 19:08:30] [DEBUG] Tap: (597, 1277)
[2026-05-19 19:08:30] [INFO] Tap btn_den_lam.png at (597,1277)
[2026-05-19 19:08:30] [INFO]   🔨 Đã click 'Đến làm'
[2026-05-19 19:08:33] [DEBUG] Screenshot OK: (900, 1600)
[2026-05-19 19:08:33] [DEBUG] Found btn_lam.png at (445,1477) conf=0.993
[2026-05-19 19:08:33] [DEBUG] Tap: (445, 1477)
[2026-05-19 19:08:34] [INFO]   ✅ Đã click 'Làm' tại (445, 1477)
[2026-05-19 19:08:37] [DEBUG] Tap: (450, 1550)
[2026-05-19 19:08:37] [INFO]   ✅ Tap ngoài popup 'Làm xong'
[2026-05-19 19:08:40] [DEBUG] Screenshot OK: (900, 1600)
[2026-05-19 19:08:40] [DEBUG] Found btn_giao.png at (595,1277) conf=1.000
[2026-05-19 19:08:40] [DEBUG] Tap: (595, 1277)
[2026-05-19 19:08:40] [INFO]   📦 Đã click 'Giao' tại (595, 1277)
[2026-05-19 19:08:44] [DEBUG] Tap: (450, 1200)
[2026-05-19 19:08:44] [INFO]   🎉 Đã đóng popup phần thưởng
[2026-05-19 19:08:45] [INFO]   ✅ Xử lý đơn #3
[2026-05-19 19:08:49] [DEBUG] Screenshot OK: (900, 1600)
[2026-05-19 19:08:49] [INFO] Đã xử lý 3 đơn hàng
[2026-05-19 19:08:50] [INFO] 🌱 Bắt đầu TRỒNG & THU HOẠCH...
[2026-05-19 19:08:50] [INFO]   --- Ô đất #1 tại (533, 1396) ---
[2026-05-19 19:08:50] [DEBUG] Tap: (533, 1396)
[2026-05-19 19:08:51] [INFO]   Tap ô đất (533, 1396)
[2026-05-19 19:08:55] [DEBUG] Screenshot OK: (900, 1600)
[2026-05-19 19:08:55] [DEBUG] Found thu_hoach_nhanh.png at (605,1212) conf=0.994
[2026-05-19 19:08:56] [DEBUG] Tap: (605, 1212)
[2026-05-19 19:08:56] [INFO]   ⚡ Thu hoạch nhanh tại (605, 1212) conf=0.994
[2026-05-19 19:08:59] [DEBUG] Tap: (533, 1396)
[2026-05-19 19:08:59] [INFO]   Tap ô đất (533, 1396)
[2026-05-19 19:09:03] [DEBUG] Screenshot OK: (900, 1600)
[2026-05-19 19:09:04] [DEBUG] Tap: (798, 624)
[2026-05-19 19:09:04] [INFO]   ⏭️ Đóng popup (798, 624)
[2026-05-19 19:09:07] [INFO]   ✅ Xong ô #1
[2026-05-19 19:09:07] [INFO] 🌾 Kết quả: thu hoạch 1, trồng mới 0
[2026-05-19 19:09:07] [INFO] --- THỐNG KÊ ---
[2026-05-19 19:09:07] [INFO]   Đơn hàng:    3
[2026-05-19 19:09:07] [INFO]   Trồng/hoạch: 1
[2026-05-19 19:09:07] [INFO]   Lỗi:         0
[2026-05-19 19:12:07] [INFO] ========================================
[2026-05-19 19:12:07] [INFO] 🔄 BẮT ĐẦU CHU KỲ MỚI
[2026-05-19 19:12:07] [INFO] ========================================
[2026-05-19 19:12:07] [INFO] 📦 Bắt đầu XỬ LÝ ĐƠN HÀNG...
[2026-05-19 19:12:09] [DEBUG] Screenshot OK: (900, 1600)
[2026-05-19 19:12:09] [INFO] Tìm thấy 1 dấu (!): 0 đỏ, 1 vàng
[2026-05-19 19:12:09] [INFO]   🟡 Click dấu (!) yellow tại (651, 415) conf=0.98
[2026-05-19 19:12:10] [DEBUG] Tap: (651, 415)
[2026-05-19 19:12:14] [DEBUG] Screenshot OK: (900, 1600)
[2026-05-19 19:12:14] [DEBUG] Found btn_den_lam.png at (597,1277) conf=1.000
[2026-05-19 19:12:14] [DEBUG] Tap: (597, 1277)
[2026-05-19 19:12:14] [INFO] Tap btn_den_lam.png at (597,1277)
[2026-05-19 19:12:14] [INFO]   🔨 Đã click 'Đến làm'
[2026-05-19 19:12:17] [DEBUG] Screenshot OK: (900, 1600)
[2026-05-19 19:12:17] [DEBUG] Found btn_lam.png at (445,1477) conf=0.998
[2026-05-19 19:12:17] [DEBUG] Tap: (445, 1477)
[2026-05-19 19:12:18] [INFO]   ✅ Đã click 'Làm' tại (445, 1477)
[2026-05-19 19:12:21] [DEBUG] Tap: (450, 1550)
[2026-05-19 19:12:21] [INFO]   ✅ Tap ngoài popup 'Làm xong'
[2026-05-19 19:12:24] [DEBUG] Screenshot OK: (900, 1600)
[2026-05-19 19:12:24] [DEBUG] Found btn_giao.png at (595,1277) conf=1.000
[2026-05-19 19:12:24] [DEBUG] Tap: (595, 1277)
[2026-05-19 19:12:25] [INFO]   📦 Đã click 'Giao' tại (595, 1277)
[2026-05-19 19:12:28] [DEBUG] Tap: (450, 1200)
[2026-05-19 19:12:28] [INFO]   🎉 Đã đóng popup phần thưởng
[2026-05-19 19:12:29] [INFO]   ✅ Xử lý đơn #1
[2026-05-19 19:12:33] [DEBUG] Screenshot OK: (900, 1600)
[2026-05-19 19:12:34] [INFO] Đã xử lý 1 đơn hàng
[2026-05-19 19:12:35] [INFO] 🌱 Bắt đầu TRỒNG & THU HOẠCH...
[2026-05-19 19:12:35] [INFO]   --- Ô đất #1 tại (533, 1396) ---
[2026-05-19 19:12:35] [DEBUG] Tap: (533, 1396)
[2026-05-19 19:12:35] [INFO]   Tap ô đất (533, 1396)
[2026-05-19 19:12:39] [DEBUG] Screenshot OK: (900, 1600)
[2026-05-19 19:12:40] [DEBUG] Tap: (798, 624)
[2026-05-19 19:12:40] [INFO]   ⏭️ Đóng popup (798, 624)
[2026-05-19 19:12:43] [INFO]   ✅ Xong ô #1
[2026-05-19 19:12:43] [INFO] 🌾 Kết quả: thu hoạch 0, trồng mới 0
[2026-05-19 19:12:43] [INFO] --- THỐNG KÊ ---
[2026-05-19 19:12:43] [INFO]   Đơn hàng:    4
[2026-05-19 19:12:43] [INFO]   Trồng/hoạch: 1
[2026-05-19 19:12:43] [INFO]   Lỗi:         0
[2026-05-19 19:13:22] [INFO] Đã ngắt kết nối ADB
[2026-05-19 19:13:22] [INFO] 🛑 Bot đã dừng
[2026-05-19 19:13:22] [INFO] --- THỐNG KÊ ---
[2026-05-19 19:13:22] [INFO]   Đơn hàng:    4
[2026-05-19 19:13:22] [INFO]   Trồng/hoạch: 1
[2026-05-19 19:13:22] [INFO]   Lỗi:         0
