[2026-04-30 10:54:38] [INFO] ==================================================
[2026-04-30 10:54:38] [INFO] TEST: THU HOACH
[2026-04-30 10:54:38] [INFO] ==================================================
[2026-04-30 10:54:38] [INFO] Tìm thấy ADB trong PATH
[2026-04-30 10:54:38] [INFO] Đang kết nối tới 127.0.0.1:5555...
[2026-04-30 10:54:40] [INFO] ✅ Đã kết nối: 127.0.0.1:5555
[2026-04-30 10:54:40] [INFO] 🌾 Bắt đầu THU HOẠCH...
[2026-04-30 10:54:41] [DEBUG] Tap: (180, 670)
[2026-04-30 10:54:41] [INFO]   Tap vườn tại (180, 670)
[2026-04-30 10:54:44] [DEBUG] Screenshot OK: (900, 1600)
[2026-04-30 10:54:44] [INFO]   Không thấy nút thu hoạch (chưa chín hoặc đã thu)
[2026-04-30 10:54:45] [DEBUG] Tap: (700, 400)
[2026-04-30 10:54:45] [INFO] Ket qua thu hoach: 0
[2026-04-30 10:54:45] [INFO] Đã ngắt kết nối ADB
[2026-04-30 10:54:45] [INFO] DONE
[2026-04-30 10:56:45] [INFO] ==================================================
[2026-04-30 10:56:45] [INFO] TEST: GIAO HÀNG
[2026-04-30 10:56:45] [INFO] ==================================================
[2026-04-30 10:56:45] [INFO] Tìm thấy ADB trong PATH
[2026-04-30 10:56:45] [INFO] Đang kết nối tới 127.0.0.1:5555...
[2026-04-30 10:56:47] [INFO] ✅ Đã kết nối: 127.0.0.1:5555
[2026-04-30 10:56:47] [INFO] 📦 Bắt đầu XỬ LÝ ĐƠN HÀNG...
[2026-04-30 10:56:48] [DEBUG] Screenshot OK: (900, 1600)
[2026-04-30 10:56:49] [INFO] Tìm thấy 3 dấu (!): 0 đỏ, 3 vàng
[2026-04-30 10:56:49] [INFO]   🟡 Click dấu (!) yellow tại (255, 669) conf=0.98
[2026-04-30 10:56:49] [DEBUG] Tap: (255, 669)
[2026-04-30 10:56:53] [DEBUG] Screenshot OK: (900, 1600)
[2026-04-30 10:56:53] [DEBUG] Found btn_den_lam.png at (597,1277) conf=1.000
[2026-04-30 10:56:53] [DEBUG] Tap: (597, 1277)
[2026-04-30 10:56:54] [INFO] Tap btn_den_lam.png at (597,1277)
[2026-04-30 10:56:54] [INFO]   🔨 Đã click 'Đến làm'
[2026-04-30 10:56:57] [DEBUG] Screenshot OK: (900, 1600)
[2026-04-30 10:56:57] [DEBUG] Found btn_lam.png at (445,1477) conf=0.996
[2026-04-30 10:56:57] [DEBUG] Tap: (445, 1477)
[2026-04-30 10:56:57] [INFO]   ✅ Đã click 'Làm' tại (445, 1477)
[2026-04-30 10:57:00] [DEBUG] Tap: (50, 200)
[2026-04-30 10:57:01] [INFO]   ✅ Đã tap ngoài popup tại (50,200)
[2026-04-30 10:57:04] [DEBUG] Screenshot OK: (900, 1600)
[2026-04-30 10:57:05] [WARNING]   Không tìm thấy nút 'Giao'
[2026-04-30 10:57:05] [INFO]   ✅ Xử lý đơn #1
[2026-04-30 10:57:06] [INFO]   🟡 Click dấu (!) yellow tại (633, 434) conf=0.98
[2026-04-30 10:57:06] [DEBUG] Tap: (633, 434)
[2026-04-30 10:57:10] [DEBUG] Screenshot OK: (900, 1600)
[2026-04-30 10:57:11] [DEBUG] Screenshot OK: (900, 1600)
[2026-04-30 10:57:11] [DEBUG] Found btn_close.png at (835,330) conf=0.999
[2026-04-30 10:57:12] [DEBUG] Tap: (835, 330)
[2026-04-30 10:57:12] [INFO] Tap btn_close.png at (835,330)
[2026-04-30 10:57:12] [INFO]   ❌ Đã đóng popup
[2026-04-30 10:57:13] [INFO]   ✅ Xử lý đơn #2
[2026-04-30 10:57:14] [INFO]   🟡 Click dấu (!) yellow tại (749, 710) conf=0.98
[2026-04-30 10:57:14] [DEBUG] Tap: (749, 710)
[2026-04-30 10:57:18] [DEBUG] Screenshot OK: (900, 1600)
[2026-04-30 10:57:18] [DEBUG] Found btn_den_lam.png at (597,1277) conf=1.000
[2026-04-30 10:57:19] [DEBUG] Tap: (597, 1277)
[2026-04-30 10:57:19] [INFO] Tap btn_den_lam.png at (597,1277)
[2026-04-30 10:57:19] [INFO]   🔨 Đã click 'Đến làm'
[2026-04-30 10:57:22] [DEBUG] Screenshot OK: (900, 1600)
[2026-04-30 10:57:22] [DEBUG] Found btn_lam.png at (445,1477) conf=0.996
[2026-04-30 10:57:22] [DEBUG] Tap: (445, 1477)
[2026-04-30 10:57:22] [INFO]   ✅ Đã click 'Làm' tại (445, 1477)
[2026-04-30 10:57:26] [DEBUG] Tap: (50, 200)
[2026-04-30 10:57:26] [INFO]   ✅ Đã tap ngoài popup tại (50,200)
[2026-04-30 10:57:29] [DEBUG] Screenshot OK: (900, 1600)
[2026-04-30 10:57:29] [WARNING]   Không tìm thấy nút 'Giao'
[2026-04-30 10:57:29] [INFO]   ✅ Xử lý đơn #3
[2026-04-30 10:57:33] [DEBUG] Screenshot OK: (900, 1600)
[2026-04-30 10:57:34] [INFO] Tìm thấy 1 dấu (!): 0 đỏ, 1 vàng
[2026-04-30 10:57:34] [INFO]   🟡 Click dấu (!) yellow tại (635, 435) conf=0.98
[2026-04-30 10:57:34] [DEBUG] Tap: (635, 435)
[2026-04-30 10:57:38] [DEBUG] Screenshot OK: (900, 1600)
[2026-04-30 10:57:39] [DEBUG] Screenshot OK: (900, 1600)
[2026-04-30 10:57:39] [DEBUG] Found btn_close.png at (835,330) conf=0.999
[2026-04-30 10:57:40] [DEBUG] Tap: (835, 330)
[2026-04-30 10:57:40] [INFO] Tap btn_close.png at (835,330)
[2026-04-30 10:57:40] [INFO]   ❌ Đã đóng popup
[2026-04-30 10:57:41] [INFO]   ✅ Xử lý đơn #4
[2026-04-30 10:57:45] [DEBUG] Screenshot OK: (900, 1600)
[2026-04-30 10:57:45] [INFO] Tìm thấy 1 dấu (!): 0 đỏ, 1 vàng
[2026-04-30 10:57:45] [INFO]   🟡 Click dấu (!) yellow tại (638, 435) conf=0.98
[2026-04-30 10:57:45] [DEBUG] Tap: (638, 435)
[2026-04-30 10:57:50] [DEBUG] Screenshot OK: (900, 1600)
[2026-04-30 10:57:50] [DEBUG] Found btn_den_lam.png at (597,1277) conf=1.000
[2026-04-30 10:57:50] [DEBUG] Tap: (597, 1277)
[2026-04-30 10:57:50] [INFO] Tap btn_den_lam.png at (597,1277)
[2026-04-30 10:57:50] [INFO]   🔨 Đã click 'Đến làm'
[2026-04-30 10:57:53] [DEBUG] Screenshot OK: (900, 1600)
[2026-04-30 10:57:53] [DEBUG] Found btn_lam.png at (445,1477) conf=0.995
[2026-04-30 10:57:53] [DEBUG] Tap: (445, 1477)
[2026-04-30 10:57:54] [INFO]   ✅ Đã click 'Làm' tại (445, 1477)
[2026-04-30 10:57:57] [DEBUG] Tap: (50, 200)
[2026-04-30 10:57:57] [INFO]   ✅ Đã tap ngoài popup tại (50,200)
[2026-04-30 10:58:00] [DEBUG] Screenshot OK: (900, 1600)
[2026-04-30 10:58:00] [WARNING]   Không tìm thấy nút 'Giao'
[2026-04-30 10:58:00] [INFO]   ✅ Xử lý đơn #5
[2026-04-30 10:58:03] [INFO] Đã xử lý 5 đơn hàng
[2026-04-30 10:58:03] [INFO] Kết quả giao hàng: 5 đơn đã xử lý
[2026-04-30 10:58:03] [INFO] Đã ngắt kết nối ADB
[2026-04-30 10:58:03] [INFO] DONE
[2026-04-30 10:59:49] [INFO] ==================================================
[2026-04-30 10:59:49] [INFO] TEST: GIAO HÀNG
[2026-04-30 10:59:49] [INFO] ==================================================
[2026-04-30 10:59:49] [INFO] Tìm thấy ADB trong PATH
[2026-04-30 10:59:49] [INFO] Đang kết nối tới 127.0.0.1:5555...
[2026-04-30 10:59:51] [INFO] ✅ Đã kết nối: 127.0.0.1:5555
[2026-04-30 10:59:51] [INFO] 📦 Bắt đầu XỬ LÝ ĐƠN HÀNG...
[2026-04-30 10:59:53] [DEBUG] Screenshot OK: (900, 1600)
[2026-04-30 10:59:53] [INFO] Không tìm thấy dấu chấm than (!) nào
[2026-04-30 10:59:53] [INFO] Đã xử lý 0 đơn hàng
[2026-04-30 10:59:53] [INFO] Kết quả giao hàng: 0 đơn đã xử lý
[2026-04-30 10:59:53] [INFO] Đã ngắt kết nối ADB
[2026-04-30 10:59:53] [INFO] DONE
[2026-04-30 11:01:04] [INFO] Tìm thấy ADB trong PATH
[2026-04-30 11:01:04] [INFO] ==================================================
[2026-04-30 11:01:04] [INFO] 🌱 KHỞI ĐỘNG AUTO GAME - THẾ GIỚI HOA VIÊN
[2026-04-30 11:01:04] [INFO] ==================================================
[2026-04-30 11:01:04] [INFO] Đang kết nối tới 127.0.0.1:5555...
[2026-04-30 11:01:06] [INFO] ✅ Đã kết nối: 127.0.0.1:5555
[2026-04-30 11:01:07] [INFO] Màn hình: 1600x900
[2026-04-30 11:01:07] [INFO] ========================================
[2026-04-30 11:01:07] [INFO] 🔄 BẮT ĐẦU CHU KỲ MỚI
[2026-04-30 11:01:07] [INFO] ========================================
[2026-04-30 11:01:07] [INFO] 🌾 Bắt đầu THU HOẠCH...
[2026-04-30 11:01:07] [DEBUG] Tap: (180, 670)
[2026-04-30 11:01:08] [INFO]   Tap vườn tại (180, 670)
[2026-04-30 11:01:10] [DEBUG] Screenshot OK: (900, 1600)
[2026-04-30 11:01:11] [INFO]   Không thấy nút thu hoạch (chưa chín hoặc đã thu)
[2026-04-30 11:01:11] [DEBUG] Tap: (700, 400)
[2026-04-30 11:01:13] [INFO] 🌱 Bắt đầu TRỒNG CÂY...
[2026-04-30 11:01:13] [DEBUG] Tap: (180, 670)
[2026-04-30 11:01:13] [INFO]   Tap ô đất tại (180, 670)
[2026-04-30 11:01:15] [DEBUG] Tap: (90, 980)
[2026-04-30 11:01:16] [INFO]   🌸 Chọn hoa tại (90, 980)
[2026-04-30 11:01:17] [INFO]   ✅ Đã trồng cây
[2026-04-30 11:01:17] [DEBUG] Tap: (180, 670)
[2026-04-30 11:01:17] [INFO]   Tap lại ô đất tại (180, 670)
[2026-04-30 11:01:20] [DEBUG] Screenshot OK: (900, 1600)
[2026-04-30 11:01:20] [INFO]   Không thấy nút 'Tưới nhanh' (có thể đã tưới)
[2026-04-30 11:01:21] [INFO] 📦 Bắt đầu XỬ LÝ ĐƠN HÀNG...
[2026-04-30 11:01:23] [DEBUG] Screenshot OK: (900, 1600)
[2026-04-30 11:01:23] [INFO] Tìm thấy 2 dấu (!): 1 đỏ, 1 vàng
[2026-04-30 11:01:23] [INFO]   🔴 Click dấu (!) red tại (651, 431) conf=1.00
[2026-04-30 11:01:23] [DEBUG] Tap: (651, 431)
[2026-04-30 11:01:27] [DEBUG] Screenshot OK: (900, 1600)
[2026-04-30 11:01:28] [DEBUG] Found btn_chua_co_hang.png at (275,1277) conf=1.000
[2026-04-30 11:01:28] [DEBUG] Tap: (275, 1277)
[2026-04-30 11:01:28] [INFO] Tap btn_chua_co_hang.png at (275,1277)
[2026-04-30 11:01:28] [INFO]   ✅ Đã click 'Chưa có hàng'
[2026-04-30 11:01:29] [INFO]   ✅ Xử lý đơn #1
[2026-04-30 11:01:30] [INFO]   🟡 Click dấu (!) yellow tại (767, 751) conf=0.98
[2026-04-30 11:01:30] [DEBUG] Tap: (767, 751)
[2026-04-30 11:01:35] [DEBUG] Screenshot OK: (900, 1600)
[2026-04-30 11:01:35] [DEBUG] Found btn_den_lam.png at (597,1277) conf=1.000
[2026-04-30 11:01:35] [DEBUG] Tap: (597, 1277)
[2026-04-30 11:01:35] [INFO] Tap btn_den_lam.png at (597,1277)
[2026-04-30 11:01:35] [INFO]   🔨 Đã click 'Đến làm'
[2026-04-30 11:01:38] [DEBUG] Screenshot OK: (900, 1600)
[2026-04-30 11:01:38] [DEBUG] Found btn_lam.png at (445,1477) conf=0.988
[2026-04-30 11:01:38] [DEBUG] Tap: (445, 1477)
[2026-04-30 11:01:39] [INFO]   ✅ Đã click 'Làm' tại (445, 1477)
[2026-04-30 11:01:42] [DEBUG] Tap: (50, 200)
[2026-04-30 11:01:42] [INFO]   ✅ Đã tap ngoài popup tại (50,200)
[2026-04-30 11:01:45] [DEBUG] Screenshot OK: (900, 1600)
[2026-04-30 11:01:47] [DEBUG] Screenshot OK: (900, 1600)
[2026-04-30 11:01:48] [DEBUG] Screenshot OK: (900, 1600)
[2026-04-30 11:01:50] [DEBUG] Screenshot OK: (900, 1600)
[2026-04-30 11:01:51] [WARNING] Timeout chờ btn_giao.png
[2026-04-30 11:01:52] [DEBUG] Screenshot OK: (900, 1600)
[2026-04-30 11:01:53] [DEBUG] Screenshot OK: (900, 1600)
[2026-04-30 11:01:53] [WARNING]   Không tìm thấy nút 'Giao' → đã lưu debug: D:\AutoGame\screenshots\debug_giao.png
[2026-04-30 11:01:53] [INFO]   ✅ Xử lý đơn #2
[2026-04-30 11:01:57] [DEBUG] Screenshot OK: (900, 1600)
[2026-04-30 11:01:58] [INFO] Đã xử lý 2 đơn hàng
[2026-04-30 11:01:58] [INFO] --- THỐNG KÊ ---
[2026-04-30 11:01:58] [INFO]   Thu hoạch: 0
[2026-04-30 11:01:58] [INFO]   Trồng cây: 1
[2026-04-30 11:01:58] [INFO]   Đơn hàng:  2
[2026-04-30 11:01:58] [INFO]   Lỗi:       0
[2026-04-30 11:01:58] [INFO] Đã ngắt kết nối ADB
[2026-04-30 11:01:58] [INFO] 🛑 Bot đã dừng
[2026-04-30 11:01:58] [INFO] --- THỐNG KÊ ---
[2026-04-30 11:01:58] [INFO]   Thu hoạch: 0
[2026-04-30 11:01:58] [INFO]   Trồng cây: 1
[2026-04-30 11:01:58] [INFO]   Đơn hàng:  2
[2026-04-30 11:01:58] [INFO]   Lỗi:       0
[2026-04-30 11:02:45] [INFO] Tìm thấy ADB trong PATH
[2026-04-30 11:02:45] [INFO] ==================================================
[2026-04-30 11:02:45] [INFO] 🌱 KHỞI ĐỘNG AUTO GAME - THẾ GIỚI HOA VIÊN
[2026-04-30 11:02:45] [INFO] ==================================================
[2026-04-30 11:02:45] [INFO] Đang kết nối tới 127.0.0.1:5555...
[2026-04-30 11:02:47] [INFO] ✅ Đã kết nối: 127.0.0.1:5555
[2026-04-30 11:02:47] [INFO] Màn hình: 1600x900
[2026-04-30 11:02:47] [INFO] ========================================
[2026-04-30 11:02:47] [INFO] 🔄 BẮT ĐẦU CHU KỲ MỚI
[2026-04-30 11:02:47] [INFO] ========================================
[2026-04-30 11:02:47] [INFO] 🌾 Bắt đầu THU HOẠCH...
[2026-04-30 11:02:48] [DEBUG] Tap: (180, 670)
[2026-04-30 11:02:48] [INFO]   Tap vườn tại (180, 670)
[2026-04-30 11:02:50] [DEBUG] Screenshot OK: (900, 1600)
[2026-04-30 11:02:51] [INFO]   Không thấy nút thu hoạch (chưa chín hoặc đã thu)
[2026-04-30 11:02:51] [DEBUG] Tap: (700, 400)
[2026-04-30 11:02:52] [INFO] 🌱 Bắt đầu TRỒNG CÂY...
[2026-04-30 11:02:53] [DEBUG] Tap: (180, 670)
[2026-04-30 11:02:53] [INFO]   Tap ô đất tại (180, 670)
[2026-04-30 11:02:55] [DEBUG] Tap: (90, 980)
[2026-04-30 11:02:55] [INFO]   🌸 Chọn hoa tại (90, 980)
[2026-04-30 11:02:57] [INFO]   ✅ Đã trồng cây
[2026-04-30 11:02:57] [DEBUG] Tap: (180, 670)
[2026-04-30 11:02:57] [INFO]   Tap lại ô đất tại (180, 670)
[2026-04-30 11:03:00] [DEBUG] Screenshot OK: (900, 1600)
[2026-04-30 11:03:00] [INFO]   Không thấy nút 'Tưới nhanh' (có thể đã tưới)
[2026-04-30 11:03:01] [INFO] 📦 Bắt đầu XỬ LÝ ĐƠN HÀNG...
[2026-04-30 11:03:02] [DEBUG] Screenshot OK: (900, 1600)
[2026-04-30 11:03:02] [INFO] Không tìm thấy dấu chấm than (!) nào
[2026-04-30 11:03:02] [INFO] Đã xử lý 0 đơn hàng
[2026-04-30 11:03:02] [INFO] --- THỐNG KÊ ---
[2026-04-30 11:03:02] [INFO]   Thu hoạch: 0
[2026-04-30 11:03:02] [INFO]   Trồng cây: 1
[2026-04-30 11:03:02] [INFO]   Đơn hàng:  0
[2026-04-30 11:03:02] [INFO]   Lỗi:       0
[2026-04-30 11:03:03] [INFO] Đã ngắt kết nối ADB
[2026-04-30 11:03:03] [INFO] 🛑 Bot đã dừng
[2026-04-30 11:03:03] [INFO] --- THỐNG KÊ ---
[2026-04-30 11:03:03] [INFO]   Thu hoạch: 0
[2026-04-30 11:03:03] [INFO]   Trồng cây: 1
[2026-04-30 11:03:03] [INFO]   Đơn hàng:  0
[2026-04-30 11:03:03] [INFO]   Lỗi:       0
[2026-04-30 11:04:30] [INFO] ==================================================
[2026-04-30 11:04:30] [INFO] TEST: GIAO HÀNG
[2026-04-30 11:04:30] [INFO] ==================================================
[2026-04-30 11:04:30] [INFO] Tìm thấy ADB trong PATH
[2026-04-30 11:04:30] [INFO] Đang kết nối tới 127.0.0.1:5555...
[2026-04-30 11:04:32] [INFO] ✅ Đã kết nối: 127.0.0.1:5555
[2026-04-30 11:04:32] [INFO] 📦 Bắt đầu XỬ LÝ ĐƠN HÀNG...
[2026-04-30 11:04:34] [DEBUG] Screenshot OK: (900, 1600)
[2026-04-30 11:04:34] [INFO] Tìm thấy 2 dấu (!): 0 đỏ, 2 vàng
[2026-04-30 11:04:34] [INFO]   🟡 Click dấu (!) yellow tại (652, 457) conf=0.98
[2026-04-30 11:04:35] [DEBUG] Tap: (652, 457)
[2026-04-30 11:04:39] [DEBUG] Screenshot OK: (900, 1600)
[2026-04-30 11:04:39] [DEBUG] Found btn_den_lam.png at (597,1277) conf=1.000
[2026-04-30 11:04:39] [DEBUG] Tap: (597, 1277)
[2026-04-30 11:04:40] [INFO] Tap btn_den_lam.png at (597,1277)
[2026-04-30 11:04:40] [INFO]   🔨 Đã click 'Đến làm'
[2026-04-30 11:04:43] [DEBUG] Screenshot OK: (900, 1600)
[2026-04-30 11:04:43] [DEBUG] Found btn_lam.png at (445,1477) conf=0.988
[2026-04-30 11:04:43] [DEBUG] Tap: (445, 1477)
[2026-04-30 11:04:43] [INFO]   ✅ Đã click 'Làm' tại (445, 1477)
[2026-04-30 11:04:46] [DEBUG] Tap: (713, 660)
[2026-04-30 11:04:47] [INFO]   ✅ Tap icon tick xanh để đóng popup 'Làm xong'
[2026-04-30 11:04:49] [DEBUG] Tap: (450, 100)
[2026-04-30 11:04:51] [DEBUG] Screenshot OK: (900, 1600)
[2026-04-30 11:04:53] [DEBUG] Screenshot OK: (900, 1600)
[2026-04-30 11:04:55] [DEBUG] Screenshot OK: (900, 1600)
[2026-04-30 11:04:55] [WARNING] Timeout chờ btn_giao.png
[2026-04-30 11:04:56] [DEBUG] Screenshot OK: (900, 1600)
[2026-04-30 11:04:57] [DEBUG] Screenshot OK: (900, 1600)
[2026-04-30 11:04:58] [WARNING]   Không tìm thấy nút 'Giao' → đã lưu debug: D:\AutoGame\screenshots\debug_giao.png
[2026-04-30 11:04:58] [INFO]   ✅ Xử lý đơn #1
[2026-04-30 11:04:59] [INFO]   🟡 Click dấu (!) yellow tại (767, 770) conf=0.98
[2026-04-30 11:04:59] [DEBUG] Tap: (767, 770)
[2026-04-30 11:05:03] [DEBUG] Screenshot OK: (900, 1600)
[2026-04-30 11:05:03] [DEBUG] Found btn_den_lam.png at (597,1277) conf=1.000
[2026-04-30 11:05:03] [DEBUG] Tap: (597, 1277)
[2026-04-30 11:05:04] [INFO] Tap btn_den_lam.png at (597,1277)
[2026-04-30 11:05:04] [INFO]   🔨 Đã click 'Đến làm'
[2026-04-30 11:05:06] [DEBUG] Screenshot OK: (900, 1600)
[2026-04-30 11:05:07] [DEBUG] Found btn_lam.png at (445,1477) conf=0.987
[2026-04-30 11:05:07] [DEBUG] Tap: (445, 1477)
[2026-04-30 11:05:07] [INFO]   ✅ Đã click 'Làm' tại (445, 1477)
[2026-04-30 11:05:10] [DEBUG] Tap: (713, 660)
[2026-04-30 11:05:10] [INFO]   ✅ Tap icon tick xanh để đóng popup 'Làm xong'
[2026-04-30 11:05:13] [DEBUG] Tap: (450, 100)
[2026-04-30 11:05:15] [DEBUG] Screenshot OK: (900, 1600)
[2026-04-30 11:05:17] [DEBUG] Screenshot OK: (900, 1600)
[2026-04-30 11:05:18] [DEBUG] Screenshot OK: (900, 1600)
[2026-04-30 11:05:20] [DEBUG] Screenshot OK: (900, 1600)
[2026-04-30 11:05:21] [WARNING] Timeout chờ btn_giao.png
[2026-04-30 11:05:22] [DEBUG] Screenshot OK: (900, 1600)
[2026-04-30 11:05:23] [DEBUG] Screenshot OK: (900, 1600)
[2026-04-30 11:05:23] [WARNING]   Không tìm thấy nút 'Giao' → đã lưu debug: D:\AutoGame\screenshots\debug_giao.png
[2026-04-30 11:05:23] [INFO]   ✅ Xử lý đơn #2
[2026-04-30 11:05:27] [DEBUG] Screenshot OK: (900, 1600)
[2026-04-30 11:05:28] [INFO] Tìm thấy 1 dấu (!): 0 đỏ, 1 vàng
[2026-04-30 11:05:28] [INFO]   🟡 Click dấu (!) yellow tại (273, 739) conf=0.98
[2026-04-30 11:05:28] [DEBUG] Tap: (273, 739)
[2026-04-30 11:05:32] [DEBUG] Screenshot OK: (900, 1600)
[2026-04-30 11:05:32] [DEBUG] Found btn_den_lam.png at (597,1277) conf=1.000
[2026-04-30 11:05:33] [DEBUG] Tap: (597, 1277)
[2026-04-30 11:05:33] [INFO] Tap btn_den_lam.png at (597,1277)
[2026-04-30 11:05:33] [INFO]   🔨 Đã click 'Đến làm'
[2026-04-30 11:05:36] [DEBUG] Screenshot OK: (900, 1600)
[2026-04-30 11:05:36] [DEBUG] Found btn_lam.png at (445,1477) conf=0.987
[2026-04-30 11:05:36] [DEBUG] Tap: (445, 1477)
[2026-04-30 11:05:36] [INFO]   ✅ Đã click 'Làm' tại (445, 1477)
[2026-04-30 11:05:39] [DEBUG] Tap: (713, 660)
[2026-04-30 11:05:40] [INFO]   ✅ Tap icon tick xanh để đóng popup 'Làm xong'
[2026-04-30 11:05:42] [DEBUG] Tap: (450, 100)
[2026-04-30 11:05:44] [DEBUG] Screenshot OK: (900, 1600)
[2026-04-30 11:05:46] [DEBUG] Screenshot OK: (900, 1600)
[2026-04-30 11:05:48] [DEBUG] Screenshot OK: (900, 1600)
[2026-04-30 11:05:48] [WARNING] Timeout chờ btn_giao.png
[2026-04-30 11:05:49] [DEBUG] Screenshot OK: (900, 1600)
[2026-04-30 11:05:50] [DEBUG] Screenshot OK: (900, 1600)
[2026-04-30 11:05:51] [WARNING]   Không tìm thấy nút 'Giao' → đã lưu debug: D:\AutoGame\screenshots\debug_giao.png
[2026-04-30 11:05:51] [INFO]   ✅ Xử lý đơn #3
[2026-04-30 11:05:55] [DEBUG] Screenshot OK: (900, 1600)
[2026-04-30 11:05:56] [INFO] Đã xử lý 3 đơn hàng
[2026-04-30 11:05:56] [INFO] Kết quả giao hàng: 3 đơn đã xử lý
[2026-04-30 11:05:56] [INFO] Đã ngắt kết nối ADB
[2026-04-30 11:05:56] [INFO] DONE
[2026-04-30 11:09:01] [INFO] ==================================================
[2026-04-30 11:09:01] [INFO] TEST: GIAO HÀNG
[2026-04-30 11:09:01] [INFO] ==================================================
[2026-04-30 11:09:01] [INFO] Tìm thấy ADB trong PATH
[2026-04-30 11:09:01] [INFO] Đang kết nối tới 127.0.0.1:5555...
[2026-04-30 11:09:03] [INFO] ✅ Đã kết nối: 127.0.0.1:5555
[2026-04-30 11:09:03] [INFO] 📦 Bắt đầu XỬ LÝ ĐƠN HÀNG...
[2026-04-30 11:09:04] [DEBUG] Screenshot OK: (900, 1600)
[2026-04-30 11:09:04] [INFO] Tìm thấy 1 dấu (!): 0 đỏ, 1 vàng
[2026-04-30 11:09:04] [INFO]   🟡 Click dấu (!) yellow tại (273, 739) conf=0.98
[2026-04-30 11:09:05] [DEBUG] Tap: (273, 739)
[2026-04-30 11:09:09] [DEBUG] Screenshot OK: (900, 1600)
[2026-04-30 11:09:09] [DEBUG] Found btn_den_lam.png at (597,1277) conf=1.000
[2026-04-30 11:09:09] [DEBUG] Tap: (597, 1277)
[2026-04-30 11:09:09] [INFO] Tap btn_den_lam.png at (597,1277)
[2026-04-30 11:09:09] [INFO]   🔨 Đã click 'Đến làm'
[2026-04-30 11:09:12] [DEBUG] Screenshot OK: (900, 1600)
[2026-04-30 11:09:12] [DEBUG] Found btn_lam.png at (445,1477) conf=0.987
[2026-04-30 11:09:12] [DEBUG] Tap: (445, 1477)
[2026-04-30 11:09:13] [INFO]   ✅ Đã click 'Làm' tại (445, 1477)
[2026-04-30 11:09:16] [DEBUG] Tap: (450, 1550)
[2026-04-30 11:09:16] [INFO]   ✅ Tap ngoài popup 'Làm xong' (dưới)
[2026-04-30 11:09:17] [DEBUG] Tap: (450, 50)
[2026-04-30 11:09:21] [DEBUG] Screenshot OK: (900, 1600)
[2026-04-30 11:09:22] [DEBUG] Screenshot OK: (900, 1600)
[2026-04-30 11:09:24] [DEBUG] Screenshot OK: (900, 1600)
[2026-04-30 11:09:25] [DEBUG] Screenshot OK: (900, 1600)
[2026-04-30 11:09:26] [WARNING] Timeout chờ btn_giao.png
[2026-04-30 11:09:27] [DEBUG] Screenshot OK: (900, 1600)
[2026-04-30 11:09:28] [DEBUG] Screenshot OK: (900, 1600)
[2026-04-30 11:09:28] [WARNING]   Không tìm thấy nút 'Giao' → đã lưu debug: D:\AutoGame\screenshots\debug_giao.png
[2026-04-30 11:09:28] [INFO]   ✅ Xử lý đơn #1
[2026-04-30 11:09:32] [DEBUG] Screenshot OK: (900, 1600)
[2026-04-30 11:09:33] [INFO] Đã xử lý 1 đơn hàng
[2026-04-30 11:09:33] [INFO] Kết quả giao hàng: 1 đơn đã xử lý
[2026-04-30 11:09:33] [INFO] Đã ngắt kết nối ADB
[2026-04-30 11:09:33] [INFO] DONE
[2026-04-30 11:14:25] [INFO] ==================================================
[2026-04-30 11:14:25] [INFO] TEST: GIAO HÀNG
[2026-04-30 11:14:25] [INFO] ==================================================
[2026-04-30 11:14:25] [INFO] Tìm thấy ADB trong PATH
[2026-04-30 11:14:25] [INFO] Đang kết nối tới 127.0.0.1:5555...
[2026-04-30 11:14:27] [INFO] ✅ Đã kết nối: 127.0.0.1:5555
[2026-04-30 11:14:27] [INFO] 📦 Bắt đầu XỬ LÝ ĐƠN HÀNG...
[2026-04-30 11:14:29] [DEBUG] Screenshot OK: (900, 1600)
[2026-04-30 11:14:29] [INFO] Tìm thấy 2 dấu (!): 1 đỏ, 1 vàng
[2026-04-30 11:14:29] [INFO]   🔴 Click dấu (!) red tại (272, 735) conf=1.00
[2026-04-30 11:14:30] [DEBUG] Tap: (272, 735)
[2026-04-30 11:14:34] [DEBUG] Screenshot OK: (900, 1600)
[2026-04-30 11:14:34] [DEBUG] Found btn_chua_co_hang.png at (275,1277) conf=1.000
[2026-04-30 11:14:34] [DEBUG] Tap: (275, 1277)
[2026-04-30 11:14:35] [INFO] Tap btn_chua_co_hang.png at (275,1277)
[2026-04-30 11:14:35] [INFO]   ✅ Đã click 'Chưa có hàng'
[2026-04-30 11:14:36] [INFO]   ✅ Xử lý đơn #1
[2026-04-30 11:14:37] [INFO]   🟡 Click dấu (!) yellow tại (767, 722) conf=0.98
[2026-04-30 11:14:37] [DEBUG] Tap: (767, 722)
[2026-04-30 11:14:41] [DEBUG] Screenshot OK: (900, 1600)
[2026-04-30 11:14:41] [DEBUG] Found btn_den_lam.png at (597,1277) conf=1.000
[2026-04-30 11:14:41] [DEBUG] Tap: (597, 1277)
[2026-04-30 11:14:42] [INFO] Tap btn_den_lam.png at (597,1277)
[2026-04-30 11:14:42] [INFO]   🔨 Đã click 'Đến làm'
[2026-04-30 11:14:45] [DEBUG] Screenshot OK: (900, 1600)
[2026-04-30 11:14:45] [DEBUG] Found btn_lam.png at (445,1477) conf=0.985
[2026-04-30 11:14:45] [DEBUG] Tap: (445, 1477)
[2026-04-30 11:14:45] [INFO]   ✅ Đã click 'Làm' tại (445, 1477)
[2026-04-30 11:14:49] [DEBUG] Tap: (450, 1550)
[2026-04-30 11:14:49] [INFO]   ✅ Tap ngoài popup 'Làm xong'
[2026-04-30 11:14:52] [DEBUG] Screenshot OK: (900, 1600)
[2026-04-30 11:14:52] [DEBUG] Found btn_giao.png at (595,1277) conf=1.000
[2026-04-30 11:14:52] [DEBUG] Tap: (595, 1277)
[2026-04-30 11:14:52] [INFO]   📦 Đã click 'Giao' tại (595, 1277)
[2026-04-30 11:14:55] [DEBUG] Tap: (450, 1200)
[2026-04-30 11:14:56] [INFO]   🎉 Đã đóng popup phần thưởng
[2026-04-30 11:14:57] [INFO]   ✅ Xử lý đơn #2
[2026-04-30 11:15:01] [DEBUG] Screenshot OK: (900, 1600)
[2026-04-30 11:15:01] [INFO] Đã xử lý 2 đơn hàng
[2026-04-30 11:15:01] [INFO] Kết quả giao hàng: 2 đơn đã xử lý
[2026-04-30 11:15:01] [INFO] Đã ngắt kết nối ADB
[2026-04-30 11:15:01] [INFO] DONE
[2026-04-30 11:17:56] [INFO] ==================================================
[2026-04-30 11:17:56] [INFO] TEST: GIAO HÀNG
[2026-04-30 11:17:56] [INFO] ==================================================
[2026-04-30 11:17:56] [INFO] Tìm thấy ADB trong PATH
[2026-04-30 11:17:56] [INFO] Đang kết nối tới 127.0.0.1:5555...
[2026-04-30 11:17:58] [INFO] ✅ Đã kết nối: 127.0.0.1:5555
[2026-04-30 11:17:58] [INFO] 📦 Bắt đầu XỬ LÝ ĐƠN HÀNG...
[2026-04-30 11:17:59] [DEBUG] Screenshot OK: (900, 1600)
[2026-04-30 11:17:59] [INFO] Tìm thấy 1 dấu (!): 0 đỏ, 1 vàng
[2026-04-30 11:17:59] [INFO]   🟡 Click dấu (!) yellow tại (767, 744) conf=0.98
[2026-04-30 11:18:00] [DEBUG] Tap: (767, 744)
[2026-04-30 11:18:04] [DEBUG] Screenshot OK: (900, 1600)
[2026-04-30 11:18:04] [DEBUG] Found btn_den_lam.png at (597,1277) conf=1.000
[2026-04-30 11:18:04] [DEBUG] Tap: (597, 1277)
[2026-04-30 11:18:05] [INFO] Tap btn_den_lam.png at (597,1277)
[2026-04-30 11:18:05] [INFO]   🔨 Đã click 'Đến làm'
[2026-04-30 11:18:07] [DEBUG] Screenshot OK: (900, 1600)
[2026-04-30 11:18:08] [DEBUG] Found btn_lam.png at (445,1477) conf=0.999
[2026-04-30 11:18:08] [DEBUG] Tap: (445, 1477)
[2026-04-30 11:18:08] [INFO]   ✅ Đã click 'Làm' tại (445, 1477)
[2026-04-30 11:18:11] [DEBUG] Tap: (450, 1550)
[2026-04-30 11:18:11] [INFO]   ✅ Tap ngoài popup 'Làm xong'
[2026-04-30 11:18:14] [DEBUG] Screenshot OK: (900, 1600)
[2026-04-30 11:18:14] [DEBUG] Found btn_giao.png at (595,1277) conf=1.000
[2026-04-30 11:18:15] [DEBUG] Tap: (595, 1277)
[2026-04-30 11:18:15] [INFO]   📦 Đã click 'Giao' tại (595, 1277)
[2026-04-30 11:18:18] [DEBUG] Tap: (450, 1200)
[2026-04-30 11:18:18] [INFO]   🎉 Đã đóng popup phần thưởng
[2026-04-30 11:18:19] [INFO]   ✅ Xử lý đơn #1
[2026-04-30 11:18:23] [DEBUG] Screenshot OK: (900, 1600)
[2026-04-30 11:18:24] [INFO] Đã xử lý 1 đơn hàng
[2026-04-30 11:18:24] [INFO] Kết quả giao hàng: 1 đơn đã xử lý
[2026-04-30 11:18:24] [INFO] Đã ngắt kết nối ADB
[2026-04-30 11:18:24] [INFO] DONE
[2026-04-30 11:19:06] [INFO] ==================================================
[2026-04-30 11:19:06] [INFO] TEST: GIAO HÀNG
[2026-04-30 11:19:06] [INFO] ==================================================
[2026-04-30 11:19:06] [INFO] Tìm thấy ADB trong PATH
[2026-04-30 11:19:06] [INFO] Đang kết nối tới 127.0.0.1:5555...
[2026-04-30 11:19:08] [INFO] ✅ Đã kết nối: 127.0.0.1:5555
[2026-04-30 11:19:08] [INFO] 📦 Bắt đầu XỬ LÝ ĐƠN HÀNG...
[2026-04-30 11:19:09] [DEBUG] Screenshot OK: (900, 1600)
[2026-04-30 11:19:10] [INFO] Tìm thấy 2 dấu (!): 1 đỏ, 1 vàng
[2026-04-30 11:19:10] [INFO]   🔴 Click dấu (!) red tại (272, 735) conf=1.00
[2026-04-30 11:19:10] [DEBUG] Tap: (272, 735)
[2026-04-30 11:19:14] [DEBUG] Screenshot OK: (900, 1600)
[2026-04-30 11:19:14] [DEBUG] Found btn_chua_co_hang.png at (275,1277) conf=1.000
[2026-04-30 11:19:14] [DEBUG] Tap: (275, 1277)
[2026-04-30 11:19:15] [INFO] Tap btn_chua_co_hang.png at (275,1277)
[2026-04-30 11:19:15] [INFO]   ✅ Đã click 'Chưa có hàng'
[2026-04-30 11:19:16] [INFO]   ✅ Xử lý đơn #1
[2026-04-30 11:19:17] [INFO]   🟡 Click dấu (!) yellow tại (652, 439) conf=0.98
[2026-04-30 11:19:17] [DEBUG] Tap: (652, 439)
[2026-04-30 11:19:21] [DEBUG] Screenshot OK: (900, 1600)
[2026-04-30 11:19:21] [DEBUG] Found btn_den_lam.png at (597,1277) conf=1.000
[2026-04-30 11:19:21] [DEBUG] Tap: (597, 1277)
[2026-04-30 11:19:22] [INFO] Tap btn_den_lam.png at (597,1277)
[2026-04-30 11:19:22] [INFO]   🔨 Đã click 'Đến làm'
[2026-04-30 11:19:24] [DEBUG] Screenshot OK: (900, 1600)
[2026-04-30 11:19:25] [DEBUG] Found btn_lam.png at (445,1477) conf=0.999
[2026-04-30 11:19:25] [DEBUG] Tap: (445, 1477)
[2026-04-30 11:19:25] [INFO]   ✅ Đã click 'Làm' tại (445, 1477)
[2026-04-30 11:19:28] [DEBUG] Tap: (450, 1550)
[2026-04-30 11:19:28] [INFO]   ✅ Tap ngoài popup 'Làm xong'
[2026-04-30 11:19:31] [DEBUG] Screenshot OK: (900, 1600)
[2026-04-30 11:19:31] [DEBUG] Found btn_giao.png at (595,1277) conf=1.000
[2026-04-30 11:19:32] [DEBUG] Tap: (595, 1277)
[2026-04-30 11:19:32] [INFO]   📦 Đã click 'Giao' tại (595, 1277)
[2026-04-30 11:19:35] [DEBUG] Tap: (450, 1200)
[2026-04-30 11:19:35] [INFO]   🎉 Đã đóng popup phần thưởng
[2026-04-30 11:19:36] [INFO]   ✅ Xử lý đơn #2
[2026-04-30 11:19:40] [DEBUG] Screenshot OK: (900, 1600)
[2026-04-30 11:19:41] [INFO] Đã xử lý 2 đơn hàng
[2026-04-30 11:19:41] [INFO] Kết quả giao hàng: 2 đơn đã xử lý
[2026-04-30 11:19:41] [INFO] Đã ngắt kết nối ADB
[2026-04-30 11:19:41] [INFO] DONE
[2026-04-30 11:27:15] [INFO] ==================================================
[2026-04-30 11:27:15] [INFO] TEST: GIAO HÀNG
[2026-04-30 11:27:15] [INFO] ==================================================
[2026-04-30 11:27:15] [INFO] Tìm thấy ADB trong PATH
[2026-04-30 11:27:15] [INFO] Đang kết nối tới 127.0.0.1:5555...
[2026-04-30 11:27:17] [INFO] ✅ Đã kết nối: 127.0.0.1:5555
[2026-04-30 11:27:17] [INFO] 📦 Bắt đầu XỬ LÝ ĐƠN HÀNG...
[2026-04-30 11:27:18] [DEBUG] Screenshot OK: (900, 1600)
[2026-04-30 11:27:19] [INFO] Tìm thấy 3 dấu (!): 1 đỏ, 2 vàng
[2026-04-30 11:27:19] [INFO]   🔴 Click dấu (!) red tại (651, 480) conf=1.00
[2026-04-30 11:27:19] [DEBUG] Tap: (651, 480)
[2026-04-30 11:27:23] [DEBUG] Screenshot OK: (900, 1600)
[2026-04-30 11:27:23] [DEBUG] Found btn_chua_co_hang.png at (275,1277) conf=1.000
[2026-04-30 11:27:24] [DEBUG] Tap: (275, 1277)
[2026-04-30 11:27:24] [INFO] Tap btn_chua_co_hang.png at (275,1277)
[2026-04-30 11:27:24] [INFO]   ✅ Đã click 'Chưa có hàng'
[2026-04-30 11:27:25] [INFO]   ✅ Xử lý đơn #1
[2026-04-30 11:27:26] [INFO]   🟡 Click dấu (!) yellow tại (767, 726) conf=0.98
[2026-04-30 11:27:26] [DEBUG] Tap: (767, 726)
[2026-04-30 11:27:30] [DEBUG] Screenshot OK: (900, 1600)
[2026-04-30 11:27:30] [DEBUG] Found btn_den_lam.png at (597,1277) conf=1.000
[2026-04-30 11:27:31] [DEBUG] Tap: (597, 1277)
[2026-04-30 11:27:31] [INFO] Tap btn_den_lam.png at (597,1277)
[2026-04-30 11:27:31] [INFO]   🔨 Đã click 'Đến làm'
[2026-04-30 11:27:34] [DEBUG] Screenshot OK: (900, 1600)
[2026-04-30 11:27:34] [DEBUG] Found btn_lam.png at (445,1477) conf=0.999
[2026-04-30 11:27:34] [DEBUG] Tap: (445, 1477)
[2026-04-30 11:27:34] [INFO]   ✅ Đã click 'Làm' tại (445, 1477)
[2026-04-30 11:27:37] [DEBUG] Tap: (450, 1550)
[2026-04-30 11:27:38] [INFO]   ✅ Tap ngoài popup 'Làm xong'
[2026-04-30 11:27:40] [DEBUG] Screenshot OK: (900, 1600)
[2026-04-30 11:27:41] [DEBUG] Found btn_giao.png at (595,1277) conf=1.000
[2026-04-30 11:27:41] [DEBUG] Tap: (595, 1277)
[2026-04-30 11:27:41] [INFO]   📦 Đã click 'Giao' tại (595, 1277)
[2026-04-30 11:27:44] [DEBUG] Tap: (450, 1200)
[2026-04-30 11:27:44] [INFO]   🎉 Đã đóng popup phần thưởng
[2026-04-30 11:27:45] [INFO]   ✅ Xử lý đơn #2
[2026-04-30 11:27:46] [INFO]   🟡 Click dấu (!) yellow tại (273, 731) conf=0.98
[2026-04-30 11:27:47] [DEBUG] Tap: (273, 731)
[2026-04-30 11:27:51] [DEBUG] Screenshot OK: (900, 1600)
[2026-04-30 11:27:51] [DEBUG] Found btn_den_lam.png at (597,1277) conf=1.000
[2026-04-30 11:27:51] [DEBUG] Tap: (597, 1277)
[2026-04-30 11:27:52] [INFO] Tap btn_den_lam.png at (597,1277)
[2026-04-30 11:27:52] [INFO]   🔨 Đã click 'Đến làm'
[2026-04-30 11:27:54] [DEBUG] Screenshot OK: (900, 1600)
[2026-04-30 11:27:55] [DEBUG] Found btn_lam.png at (445,1477) conf=0.999
[2026-04-30 11:27:55] [DEBUG] Tap: (445, 1477)
[2026-04-30 11:27:55] [INFO]   ✅ Đã click 'Làm' tại (445, 1477)
[2026-04-30 11:27:58] [DEBUG] Tap: (450, 1550)
[2026-04-30 11:27:58] [INFO]   ✅ Tap ngoài popup 'Làm xong'
[2026-04-30 11:28:01] [DEBUG] Screenshot OK: (900, 1600)
[2026-04-30 11:28:01] [DEBUG] Found btn_giao.png at (595,1277) conf=1.000
[2026-04-30 11:28:02] [DEBUG] Tap: (595, 1277)
[2026-04-30 11:28:02] [INFO]   📦 Đã click 'Giao' tại (595, 1277)
[2026-04-30 11:28:05] [DEBUG] Tap: (450, 1200)
[2026-04-30 11:28:05] [INFO]   🎉 Đã đóng popup phần thưởng
[2026-04-30 11:28:06] [INFO]   ✅ Xử lý đơn #3
[2026-04-30 11:28:10] [DEBUG] Screenshot OK: (900, 1600)
[2026-04-30 11:28:11] [INFO] Đã xử lý 3 đơn hàng
[2026-04-30 11:28:11] [INFO] Kết quả giao hàng: 3 đơn đã xử lý
[2026-04-30 11:28:11] [INFO] Đã ngắt kết nối ADB
[2026-04-30 11:28:11] [INFO] DONE
[2026-04-30 11:30:28] [INFO] Tìm thấy ADB trong PATH
[2026-04-30 11:30:28] [INFO] Đang kết nối tới 127.0.0.1:5555...
[2026-04-30 11:30:30] [INFO] ✅ Đã kết nối: 127.0.0.1:5555
[2026-04-30 11:30:31] [DEBUG] Screenshot OK: (900, 1600)
[2026-04-30 11:30:31] [INFO] Đã ngắt kết nối ADB
[2026-04-30 11:40:56] [INFO] ==================================================
[2026-04-30 11:40:56] [INFO] TEST: GIAO HÀNG
[2026-04-30 11:40:56] [INFO] ==================================================
[2026-04-30 11:40:56] [INFO] Tìm thấy ADB trong PATH
[2026-04-30 11:40:56] [INFO] Đang kết nối tới 127.0.0.1:5555...
[2026-04-30 11:40:58] [INFO] ✅ Đã kết nối: 127.0.0.1:5555
[2026-04-30 11:40:58] [INFO] 📦 Bắt đầu XỬ LÝ ĐƠN HÀNG...
[2026-04-30 11:40:59] [DEBUG] Screenshot OK: (900, 1600)
[2026-04-30 11:41:00] [INFO] Tìm thấy 3 dấu (!): 2 đỏ, 1 vàng
[2026-04-30 11:41:00] [INFO]   🔴 Click dấu (!) red tại (766, 767) conf=1.00
[2026-04-30 11:41:00] [DEBUG] Tap: (766, 767)
[2026-04-30 11:41:04] [DEBUG] Screenshot OK: (900, 1600)
[2026-04-30 11:41:05] [DEBUG] Found btn_chua_co_hang.png at (275,1277) conf=1.000
[2026-04-30 11:41:05] [DEBUG] Tap: (275, 1277)
[2026-04-30 11:41:05] [INFO] Tap btn_chua_co_hang.png at (275,1277)
[2026-04-30 11:41:05] [INFO]   ✅ Đã click 'Chưa có hàng'
[2026-04-30 11:41:06] [INFO]   ✅ Xử lý đơn #1
[2026-04-30 11:41:07] [INFO]   🔴 Click dấu (!) red tại (272, 728) conf=1.00
[2026-04-30 11:41:07] [DEBUG] Tap: (272, 728)
[2026-04-30 11:41:11] [DEBUG] Screenshot OK: (900, 1600)
[2026-04-30 11:41:12] [DEBUG] Found btn_chua_co_hang.png at (275,1277) conf=1.000
[2026-04-30 11:41:12] [DEBUG] Tap: (275, 1277)
[2026-04-30 11:41:12] [INFO] Tap btn_chua_co_hang.png at (275,1277)
[2026-04-30 11:41:12] [INFO]   ✅ Đã click 'Chưa có hàng'
[2026-04-30 11:41:13] [INFO]   ✅ Xử lý đơn #2
[2026-04-30 11:41:14] [INFO]   🟡 Click dấu (!) yellow tại (648, 436) conf=0.98
[2026-04-30 11:41:14] [DEBUG] Tap: (648, 436)
[2026-04-30 11:41:18] [DEBUG] Screenshot OK: (900, 1600)
[2026-04-30 11:41:18] [DEBUG] Found btn_den_lam.png at (597,1277) conf=1.000
[2026-04-30 11:41:19] [DEBUG] Tap: (597, 1277)
[2026-04-30 11:41:19] [INFO] Tap btn_den_lam.png at (597,1277)
[2026-04-30 11:41:19] [INFO]   🔨 Đã click 'Đến làm'
[2026-04-30 11:41:22] [DEBUG] Screenshot OK: (900, 1600)
[2026-04-30 11:41:22] [DEBUG] Found btn_lam.png at (445,1477) conf=0.999
[2026-04-30 11:41:22] [DEBUG] Tap: (445, 1477)
[2026-04-30 11:41:22] [INFO]   ✅ Đã click 'Làm' tại (445, 1477)
[2026-04-30 11:41:25] [DEBUG] Tap: (450, 1550)
[2026-04-30 11:41:26] [INFO]   ✅ Tap ngoài popup 'Làm xong'
[2026-04-30 11:41:29] [DEBUG] Screenshot OK: (900, 1600)
[2026-04-30 11:41:29] [DEBUG] Found btn_giao.png at (595,1277) conf=1.000
[2026-04-30 11:41:29] [DEBUG] Tap: (595, 1277)
[2026-04-30 11:41:29] [INFO]   📦 Đã click 'Giao' tại (595, 1277)
[2026-04-30 11:41:32] [DEBUG] Tap: (450, 1200)
[2026-04-30 11:41:33] [INFO]   🎉 Đã đóng popup phần thưởng
[2026-04-30 11:41:34] [INFO]   ✅ Xử lý đơn #3
[2026-04-30 11:41:38] [DEBUG] Screenshot OK: (900, 1600)
[2026-04-30 11:41:38] [INFO] Đã xử lý 3 đơn hàng
[2026-04-30 11:41:38] [INFO] Kết quả giao hàng: 3 đơn đã xử lý
[2026-04-30 11:41:38] [INFO] Đã ngắt kết nối ADB
[2026-04-30 11:41:38] [INFO] DONE
[2026-04-30 11:47:22] [INFO] ==================================================
[2026-04-30 11:47:22] [INFO] TEST: GIAO HÀNG
[2026-04-30 11:47:22] [INFO] ==================================================
[2026-04-30 11:47:22] [INFO] Tìm thấy ADB trong PATH
[2026-04-30 11:47:22] [INFO] Đang kết nối tới 127.0.0.1:5555...
[2026-04-30 11:47:24] [INFO] ✅ Đã kết nối: 127.0.0.1:5555
[2026-04-30 11:47:24] [INFO] 📦 Bắt đầu XỬ LÝ ĐƠN HÀNG...
[2026-04-30 11:47:25] [DEBUG] Screenshot OK: (900, 1600)
[2026-04-30 11:47:26] [INFO] Tìm thấy 3 dấu (!): 1 đỏ, 2 vàng
[2026-04-30 11:47:26] [INFO]   🔴 Click dấu (!) red tại (651, 453) conf=1.00
[2026-04-30 11:47:27] [DEBUG] Tap: (651, 453)
[2026-04-30 11:47:31] [DEBUG] Screenshot OK: (900, 1600)
[2026-04-30 11:47:31] [DEBUG] Found btn_chua_co_hang.png at (275,1277) conf=1.000
[2026-04-30 11:47:31] [DEBUG] Tap: (275, 1277)
[2026-04-30 11:47:32] [INFO] Tap btn_chua_co_hang.png at (275,1277)
[2026-04-30 11:47:32] [INFO]   ✅ Đã click 'Chưa có hàng'
[2026-04-30 11:47:33] [INFO]   ✅ Xử lý đơn #1
[2026-04-30 11:47:34] [INFO]   🟡 Click dấu (!) yellow tại (273, 758) conf=0.98
[2026-04-30 11:47:34] [DEBUG] Tap: (273, 758)
[2026-04-30 11:47:38] [DEBUG] Screenshot OK: (900, 1600)
[2026-04-30 11:47:38] [DEBUG] Found btn_den_lam.png at (597,1277) conf=1.000
[2026-04-30 11:47:38] [DEBUG] Tap: (597, 1277)
[2026-04-30 11:47:39] [INFO] Tap btn_den_lam.png at (597,1277)
[2026-04-30 11:47:39] [INFO]   🔨 Đã click 'Đến làm'
[2026-04-30 11:47:41] [DEBUG] Screenshot OK: (900, 1600)
[2026-04-30 11:47:42] [DEBUG] Found btn_lam.png at (445,1477) conf=0.999
[2026-04-30 11:47:42] [DEBUG] Tap: (445, 1477)
[2026-04-30 11:47:42] [INFO]   ✅ Đã click 'Làm' tại (445, 1477)
[2026-04-30 11:47:45] [DEBUG] Tap: (450, 1550)
[2026-04-30 11:47:45] [INFO]   ✅ Tap ngoài popup 'Làm xong'
[2026-04-30 11:47:48] [DEBUG] Screenshot OK: (900, 1600)
[2026-04-30 11:47:48] [DEBUG] Found btn_giao.png at (595,1277) conf=1.000
[2026-04-30 11:47:49] [DEBUG] Tap: (595, 1277)
[2026-04-30 11:47:49] [INFO]   📦 Đã click 'Giao' tại (595, 1277)
[2026-04-30 11:47:52] [DEBUG] Tap: (450, 1200)
[2026-04-30 11:47:52] [INFO]   🎉 Đã đóng popup phần thưởng
[2026-04-30 11:47:53] [INFO]   ✅ Xử lý đơn #2
[2026-04-30 11:47:54] [INFO]   🟡 Click dấu (!) yellow tại (765, 726) conf=0.98
[2026-04-30 11:47:54] [DEBUG] Tap: (765, 726)
[2026-04-30 11:47:59] [DEBUG] Screenshot OK: (900, 1600)
[2026-04-30 11:47:59] [DEBUG] Found btn_den_lam.png at (597,1277) conf=1.000
[2026-04-30 11:47:59] [DEBUG] Tap: (597, 1277)
[2026-04-30 11:47:59] [INFO] Tap btn_den_lam.png at (597,1277)
[2026-04-30 11:47:59] [INFO]   🔨 Đã click 'Đến làm'
[2026-04-30 11:48:02] [DEBUG] Screenshot OK: (900, 1600)
[2026-04-30 11:48:02] [DEBUG] Found btn_lam.png at (445,1477) conf=0.999
[2026-04-30 11:48:02] [DEBUG] Tap: (445, 1477)
[2026-04-30 11:48:03] [INFO]   ✅ Đã click 'Làm' tại (445, 1477)
[2026-04-30 11:48:06] [DEBUG] Tap: (450, 1550)
[2026-04-30 11:48:06] [INFO]   ✅ Tap ngoài popup 'Làm xong'
[2026-04-30 11:48:09] [DEBUG] Screenshot OK: (900, 1600)
[2026-04-30 11:48:09] [DEBUG] Found btn_giao.png at (595,1277) conf=1.000
[2026-04-30 11:48:09] [DEBUG] Tap: (595, 1277)
[2026-04-30 11:48:10] [INFO]   📦 Đã click 'Giao' tại (595, 1277)
[2026-04-30 11:48:13] [DEBUG] Tap: (450, 1200)
[2026-04-30 11:48:13] [INFO]   🎉 Đã đóng popup phần thưởng
[2026-04-30 11:48:14] [INFO]   ✅ Xử lý đơn #3
[2026-04-30 11:48:18] [DEBUG] Screenshot OK: (900, 1600)
[2026-04-30 11:48:19] [INFO] Đã xử lý 3 đơn hàng
[2026-04-30 11:48:19] [INFO] Kết quả giao hàng: 3 đơn đã xử lý
[2026-04-30 11:48:19] [INFO] Đã ngắt kết nối ADB
[2026-04-30 11:48:19] [INFO] DONE
[2026-04-30 11:54:44] [INFO] ==================================================
[2026-04-30 11:54:44] [INFO] TEST: GIAO HÀNG
[2026-04-30 11:54:44] [INFO] ==================================================
[2026-04-30 11:54:44] [INFO] Tìm thấy ADB trong PATH
[2026-04-30 11:54:44] [INFO] Đang kết nối tới 127.0.0.1:5555...
[2026-04-30 11:54:46] [INFO] ✅ Đã kết nối: 127.0.0.1:5555
[2026-04-30 11:54:46] [INFO] 📦 Bắt đầu XỬ LÝ ĐƠN HÀNG...
[2026-04-30 11:54:47] [DEBUG] Screenshot OK: (900, 1600)
[2026-04-30 11:54:48] [INFO] Tìm thấy 3 dấu (!): 3 đỏ, 0 vàng
[2026-04-30 11:54:48] [INFO]   🔴 Click dấu (!) red tại (651, 461) conf=1.00
[2026-04-30 11:54:48] [DEBUG] Tap: (651, 461)
[2026-04-30 11:54:52] [DEBUG] Screenshot OK: (900, 1600)
[2026-04-30 11:54:53] [DEBUG] Found btn_chua_co_hang.png at (275,1277) conf=1.000
[2026-04-30 11:54:53] [DEBUG] Tap: (275, 1277)
[2026-04-30 11:54:53] [INFO] Tap btn_chua_co_hang.png at (275,1277)
[2026-04-30 11:54:53] [INFO]   ✅ Đã click 'Chưa có hàng'
[2026-04-30 11:54:54] [INFO]   ✅ Xử lý đơn #1
[2026-04-30 11:54:55] [INFO]   🔴 Click dấu (!) red tại (766, 767) conf=1.00
[2026-04-30 11:54:55] [DEBUG] Tap: (766, 767)
[2026-04-30 11:54:59] [DEBUG] Screenshot OK: (900, 1600)
[2026-04-30 11:55:00] [DEBUG] Found btn_chua_co_hang.png at (275,1277) conf=1.000
[2026-04-30 11:55:00] [DEBUG] Tap: (275, 1277)
[2026-04-30 11:55:00] [INFO] Tap btn_chua_co_hang.png at (275,1277)
[2026-04-30 11:55:00] [INFO]   ✅ Đã click 'Chưa có hàng'
[2026-04-30 11:55:01] [INFO]   ✅ Xử lý đơn #2
[2026-04-30 11:55:02] [INFO]   🔴 Click dấu (!) red tại (272, 728) conf=1.00
[2026-04-30 11:55:02] [DEBUG] Tap: (272, 728)
[2026-04-30 11:55:06] [DEBUG] Screenshot OK: (900, 1600)
[2026-04-30 11:55:07] [DEBUG] Found btn_chua_co_hang.png at (275,1277) conf=1.000
[2026-04-30 11:55:07] [DEBUG] Tap: (275, 1277)
[2026-04-30 11:55:07] [INFO] Tap btn_chua_co_hang.png at (275,1277)
[2026-04-30 11:55:07] [INFO]   ✅ Đã click 'Chưa có hàng'
[2026-04-30 11:55:08] [INFO]   ✅ Xử lý đơn #3
[2026-04-30 11:55:12] [DEBUG] Screenshot OK: (900, 1600)
[2026-04-30 11:55:13] [INFO] Đã xử lý 3 đơn hàng
[2026-04-30 11:55:13] [INFO] Kết quả giao hàng: 3 đơn đã xử lý
[2026-04-30 11:55:13] [INFO] Đã ngắt kết nối ADB
[2026-04-30 11:55:13] [INFO] DONE
[2026-04-30 12:35:34] [INFO] ==================================================
[2026-04-30 12:35:34] [INFO] TEST: GIAO HÀNG
[2026-04-30 12:35:34] [INFO] ==================================================
[2026-04-30 12:35:34] [INFO] Tìm thấy ADB trong PATH
[2026-04-30 12:35:34] [INFO] Đang kết nối tới 127.0.0.1:5555...
[2026-04-30 12:35:36] [INFO] ✅ Đã kết nối: 127.0.0.1:5555
[2026-04-30 12:35:36] [INFO] 📦 Bắt đầu XỬ LÝ ĐƠN HÀNG...
[2026-04-30 12:35:38] [DEBUG] Screenshot OK: (900, 1600)
[2026-04-30 12:35:38] [INFO] Tìm thấy 3 dấu (!): 1 đỏ, 2 vàng
[2026-04-30 12:35:38] [INFO]   🔴 Click dấu (!) red tại (767, 748) conf=1.00
[2026-04-30 12:35:39] [DEBUG] Tap: (767, 748)
[2026-04-30 12:35:43] [DEBUG] Screenshot OK: (900, 1600)
[2026-04-30 12:35:44] [DEBUG] Found btn_chua_co_hang.png at (275,1277) conf=1.000
[2026-04-30 12:35:44] [DEBUG] Tap: (275, 1277)
[2026-04-30 12:35:44] [INFO] Tap btn_chua_co_hang.png at (275,1277)
[2026-04-30 12:35:44] [INFO]   ✅ Đã click 'Chưa có hàng'
[2026-04-30 12:35:45] [INFO]   ✅ Xử lý đơn #1
[2026-04-30 12:35:46] [INFO]   🟡 Click dấu (!) yellow tại (649, 428) conf=0.98
[2026-04-30 12:35:46] [DEBUG] Tap: (649, 428)
[2026-04-30 12:35:50] [DEBUG] Screenshot OK: (900, 1600)
[2026-04-30 12:35:51] [DEBUG] Found btn_den_lam.png at (597,1277) conf=1.000
[2026-04-30 12:35:51] [DEBUG] Tap: (597, 1277)
[2026-04-30 12:35:51] [INFO] Tap btn_den_lam.png at (597,1277)
[2026-04-30 12:35:51] [INFO]   🔨 Đã click 'Đến làm'
[2026-04-30 12:35:54] [DEBUG] Screenshot OK: (900, 1600)
[2026-04-30 12:35:54] [DEBUG] Found btn_lam.png at (445,1477) conf=0.998
[2026-04-30 12:35:54] [DEBUG] Tap: (445, 1477)
[2026-04-30 12:35:55] [INFO]   ✅ Đã click 'Làm' tại (445, 1477)
[2026-04-30 12:35:58] [DEBUG] Tap: (450, 1550)
[2026-04-30 12:35:58] [INFO]   ✅ Tap ngoài popup 'Làm xong'
[2026-04-30 12:36:01] [DEBUG] Screenshot OK: (900, 1600)
[2026-04-30 12:36:01] [DEBUG] Found btn_giao.png at (595,1277) conf=1.000
[2026-04-30 12:36:01] [DEBUG] Tap: (595, 1277)
[2026-04-30 12:36:02] [INFO]   📦 Đã click 'Giao' tại (595, 1277)
[2026-04-30 12:36:05] [DEBUG] Tap: (450, 1200)
[2026-04-30 12:36:05] [INFO]   🎉 Đã đóng popup phần thưởng
[2026-04-30 12:36:06] [INFO]   ✅ Xử lý đơn #2
[2026-04-30 12:36:07] [INFO]   🟡 Click dấu (!) yellow tại (271, 728) conf=0.98
[2026-04-30 12:36:07] [DEBUG] Tap: (271, 728)
[2026-04-30 12:36:11] [DEBUG] Screenshot OK: (900, 1600)
[2026-04-30 12:36:12] [DEBUG] Found btn_den_lam.png at (597,1277) conf=1.000
[2026-04-30 12:36:12] [DEBUG] Tap: (597, 1277)
[2026-04-30 12:36:12] [INFO] Tap btn_den_lam.png at (597,1277)
[2026-04-30 12:36:12] [INFO]   🔨 Đã click 'Đến làm'
[2026-04-30 12:36:15] [DEBUG] Screenshot OK: (900, 1600)
[2026-04-30 12:36:15] [DEBUG] Found btn_lam.png at (445,1477) conf=0.998
[2026-04-30 12:36:15] [DEBUG] Tap: (445, 1477)
[2026-04-30 12:36:16] [INFO]   ✅ Đã click 'Làm' tại (445, 1477)
[2026-04-30 12:36:19] [DEBUG] Tap: (450, 1550)
[2026-04-30 12:36:19] [INFO]   ✅ Tap ngoài popup 'Làm xong'
[2026-04-30 12:36:22] [DEBUG] Screenshot OK: (900, 1600)
[2026-04-30 12:36:22] [DEBUG] Found btn_giao.png at (595,1277) conf=1.000
[2026-04-30 12:36:22] [DEBUG] Tap: (595, 1277)
[2026-04-30 12:36:23] [INFO]   📦 Đã click 'Giao' tại (595, 1277)
[2026-04-30 12:36:26] [DEBUG] Tap: (450, 1200)
[2026-04-30 12:36:26] [INFO]   🎉 Đã đóng popup phần thưởng
[2026-04-30 12:36:27] [INFO]   ✅ Xử lý đơn #3
[2026-04-30 12:36:31] [DEBUG] Screenshot OK: (900, 1600)
[2026-04-30 12:36:32] [INFO] Đã xử lý 3 đơn hàng
[2026-04-30 12:36:32] [INFO] Kết quả giao hàng: 3 đơn đã xử lý
[2026-04-30 12:36:32] [INFO] Đã ngắt kết nối ADB
[2026-04-30 12:36:32] [INFO] DONE
[2026-04-30 12:42:33] [INFO] ==================================================
[2026-04-30 12:42:33] [INFO] TEST: GIAO HÀNG
[2026-04-30 12:42:33] [INFO] ==================================================
[2026-04-30 12:42:33] [INFO] Tìm thấy ADB trong PATH
[2026-04-30 12:42:33] [INFO] Đang kết nối tới 127.0.0.1:5555...
[2026-04-30 12:42:35] [INFO] ✅ Đã kết nối: 127.0.0.1:5555
[2026-04-30 12:42:35] [INFO] 📦 Bắt đầu XỬ LÝ ĐƠN HÀNG...
[2026-04-30 12:42:37] [DEBUG] Screenshot OK: (900, 1600)
[2026-04-30 12:42:38] [INFO] Tìm thấy 3 dấu (!): 2 đỏ, 1 vàng
[2026-04-30 12:42:38] [INFO]   🔴 Click dấu (!) red tại (652, 469) conf=1.00
[2026-04-30 12:42:38] [DEBUG] Tap: (652, 469)
[2026-04-30 12:42:42] [DEBUG] Screenshot OK: (900, 1600)
[2026-04-30 12:42:43] [DEBUG] Found btn_chua_co_hang.png at (275,1277) conf=1.000
[2026-04-30 12:42:43] [DEBUG] Tap: (275, 1277)
[2026-04-30 12:42:43] [INFO] Tap btn_chua_co_hang.png at (275,1277)
[2026-04-30 12:42:43] [INFO]   ✅ Đã click 'Chưa có hàng'
[2026-04-30 12:42:44] [INFO]   ✅ Xử lý đơn #1
[2026-04-30 12:42:45] [INFO]   🔴 Click dấu (!) red tại (273, 724) conf=1.00
[2026-04-30 12:42:46] [DEBUG] Tap: (273, 724)
[2026-04-30 12:42:50] [DEBUG] Screenshot OK: (900, 1600)
[2026-04-30 12:42:50] [DEBUG] Found btn_chua_co_hang.png at (275,1277) conf=1.000
[2026-04-30 12:42:50] [DEBUG] Tap: (275, 1277)
[2026-04-30 12:42:51] [INFO] Tap btn_chua_co_hang.png at (275,1277)
[2026-04-30 12:42:51] [INFO]   ✅ Đã click 'Chưa có hàng'
[2026-04-30 12:42:52] [INFO]   ✅ Xử lý đơn #2
[2026-04-30 12:42:53] [INFO]   🟡 Click dấu (!) yellow tại (768, 713) conf=0.98
[2026-04-30 12:42:53] [DEBUG] Tap: (768, 713)
[2026-04-30 12:42:57] [DEBUG] Screenshot OK: (900, 1600)
[2026-04-30 12:42:57] [DEBUG] Found btn_den_lam.png at (597,1277) conf=1.000
[2026-04-30 12:42:57] [DEBUG] Tap: (597, 1277)
[2026-04-30 12:42:58] [INFO] Tap btn_den_lam.png at (597,1277)
[2026-04-30 12:42:58] [INFO]   🔨 Đã click 'Đến làm'
[2026-04-30 12:43:01] [DEBUG] Screenshot OK: (900, 1600)
[2026-04-30 12:43:01] [DEBUG] Found btn_lam.png at (445,1477) conf=0.998
[2026-04-30 12:43:01] [DEBUG] Tap: (445, 1477)
[2026-04-30 12:43:01] [INFO]   ✅ Đã click 'Làm' tại (445, 1477)
[2026-04-30 12:43:04] [DEBUG] Tap: (450, 1550)
[2026-04-30 12:43:05] [INFO]   ✅ Tap ngoài popup 'Làm xong'
[2026-04-30 12:43:07] [DEBUG] Screenshot OK: (900, 1600)
[2026-04-30 12:43:08] [DEBUG] Found btn_giao.png at (595,1277) conf=1.000
[2026-04-30 12:43:08] [DEBUG] Tap: (595, 1277)
[2026-04-30 12:43:08] [INFO]   📦 Đã click 'Giao' tại (595, 1277)
[2026-04-30 12:43:11] [DEBUG] Tap: (450, 1200)
[2026-04-30 12:43:12] [INFO]   🎉 Đã đóng popup phần thưởng
[2026-04-30 12:43:13] [INFO]   ✅ Xử lý đơn #3
[2026-04-30 12:43:17] [DEBUG] Screenshot OK: (900, 1600)
[2026-04-30 12:43:18] [INFO] Đã xử lý 3 đơn hàng
[2026-04-30 12:43:18] [INFO] Kết quả giao hàng: 3 đơn đã xử lý
[2026-04-30 12:43:18] [INFO] Đã ngắt kết nối ADB
[2026-04-30 12:43:18] [INFO] DONE
[2026-04-30 13:02:52] [INFO] ==================================================
[2026-04-30 13:02:52] [INFO] TEST: GIAO HÀNG
[2026-04-30 13:02:52] [INFO] ==================================================
[2026-04-30 13:02:52] [INFO] Tìm thấy ADB trong PATH
[2026-04-30 13:02:52] [INFO] Đang kết nối tới 127.0.0.1:5555...
[2026-04-30 13:02:54] [INFO] ✅ Đã kết nối: 127.0.0.1:5555
[2026-04-30 13:02:54] [INFO] 📦 Bắt đầu XỬ LÝ ĐƠN HÀNG...
[2026-04-30 13:02:56] [DEBUG] Screenshot OK: (900, 1600)
[2026-04-30 13:02:56] [INFO] Tìm thấy 3 dấu (!): 2 đỏ, 1 vàng
[2026-04-30 13:02:56] [INFO]   🔴 Click dấu (!) red tại (652, 422) conf=1.00
[2026-04-30 13:02:57] [DEBUG] Tap: (652, 422)
[2026-04-30 13:03:01] [DEBUG] Screenshot OK: (900, 1600)
[2026-04-30 13:03:02] [DEBUG] Found btn_chua_co_hang.png at (275,1277) conf=1.000
[2026-04-30 13:03:02] [DEBUG] Tap: (275, 1277)
[2026-04-30 13:03:02] [INFO] Tap btn_chua_co_hang.png at (275,1277)
[2026-04-30 13:03:02] [INFO]   ✅ Đã click 'Chưa có hàng'
[2026-04-30 13:03:03] [INFO]   ✅ Xử lý đơn #1
[2026-04-30 13:03:04] [INFO]   🔴 Click dấu (!) red tại (273, 695) conf=1.00
[2026-04-30 13:03:04] [DEBUG] Tap: (273, 695)
[2026-04-30 13:03:08] [DEBUG] Screenshot OK: (900, 1600)
[2026-04-30 13:03:09] [DEBUG] Found btn_chua_co_hang.png at (275,1277) conf=1.000
[2026-04-30 13:03:09] [DEBUG] Tap: (275, 1277)
[2026-04-30 13:03:09] [INFO] Tap btn_chua_co_hang.png at (275,1277)
[2026-04-30 13:03:09] [INFO]   ✅ Đã click 'Chưa có hàng'
[2026-04-30 13:03:10] [INFO]   ✅ Xử lý đơn #2
[2026-04-30 13:03:11] [INFO]   🟡 Click dấu (!) yellow tại (768, 752) conf=0.98
[2026-04-30 13:03:11] [DEBUG] Tap: (768, 752)
[2026-04-30 13:03:15] [DEBUG] Screenshot OK: (900, 1600)
[2026-04-30 13:03:15] [DEBUG] Found btn_den_lam.png at (597,1277) conf=1.000
[2026-04-30 13:03:16] [DEBUG] Tap: (597, 1277)
[2026-04-30 13:03:16] [INFO] Tap btn_den_lam.png at (597,1277)
[2026-04-30 13:03:16] [INFO]   🔨 Đã click 'Đến làm'
[2026-04-30 13:03:19] [DEBUG] Screenshot OK: (900, 1600)
[2026-04-30 13:03:19] [DEBUG] Found btn_lam.png at (445,1477) conf=0.998
[2026-04-30 13:03:19] [DEBUG] Tap: (445, 1477)
[2026-04-30 13:03:19] [INFO]   ✅ Đã click 'Làm' tại (445, 1477)
[2026-04-30 13:03:22] [DEBUG] Tap: (450, 1550)
[2026-04-30 13:03:23] [INFO]   ✅ Tap ngoài popup 'Làm xong'
[2026-04-30 13:03:26] [DEBUG] Screenshot OK: (900, 1600)
[2026-04-30 13:03:26] [DEBUG] Found btn_giao.png at (595,1277) conf=1.000
[2026-04-30 13:03:26] [DEBUG] Tap: (595, 1277)
[2026-04-30 13:03:26] [INFO]   📦 Đã click 'Giao' tại (595, 1277)
[2026-04-30 13:03:29] [DEBUG] Tap: (450, 1200)
[2026-04-30 13:03:30] [INFO]   🎉 Đã đóng popup phần thưởng
[2026-04-30 13:03:31] [INFO]   ✅ Xử lý đơn #3
[2026-04-30 13:03:35] [DEBUG] Screenshot OK: (900, 1600)
[2026-04-30 13:03:35] [INFO] Đã xử lý 3 đơn hàng
[2026-04-30 13:03:35] [INFO] Kết quả giao hàng: 3 đơn đã xử lý
[2026-04-30 13:03:35] [INFO] Đã ngắt kết nối ADB
[2026-04-30 13:03:35] [INFO] DONE
[2026-04-30 13:05:05] [INFO] ==================================================
[2026-04-30 13:05:05] [INFO] TEST: GIAO HÀNG
[2026-04-30 13:05:05] [INFO] ==================================================
[2026-04-30 13:05:05] [INFO] Tìm thấy ADB trong PATH
[2026-04-30 13:05:05] [INFO] Đang kết nối tới 127.0.0.1:5555...
[2026-04-30 13:05:07] [INFO] ✅ Đã kết nối: 127.0.0.1:5555
[2026-04-30 13:05:07] [INFO] 📦 Bắt đầu XỬ LÝ ĐƠN HÀNG...
[2026-04-30 13:05:08] [DEBUG] Screenshot OK: (900, 1600)
[2026-04-30 13:05:09] [INFO] Tìm thấy 3 dấu (!): 2 đỏ, 1 vàng
[2026-04-30 13:05:09] [INFO]   🔴 Click dấu (!) red tại (767, 708) conf=1.00
[2026-04-30 13:05:09] [DEBUG] Tap: (767, 708)
[2026-04-30 13:05:13] [DEBUG] Screenshot OK: (900, 1600)
[2026-04-30 13:05:13] [DEBUG] Found btn_chua_co_hang.png at (275,1277) conf=1.000
[2026-04-30 13:05:13] [DEBUG] Tap: (275, 1277)
[2026-04-30 13:05:14] [INFO] Tap btn_chua_co_hang.png at (275,1277)
[2026-04-30 13:05:14] [INFO]   ✅ Đã click 'Chưa có hàng'
[2026-04-30 13:05:15] [INFO]   ✅ Xử lý đơn #1
[2026-04-30 13:05:16] [INFO]   🔴 Click dấu (!) red tại (273, 697) conf=1.00
[2026-04-30 13:05:16] [DEBUG] Tap: (273, 697)
[2026-04-30 13:05:20] [DEBUG] Screenshot OK: (900, 1600)
[2026-04-30 13:05:20] [DEBUG] Found btn_chua_co_hang.png at (275,1277) conf=1.000
[2026-04-30 13:05:20] [DEBUG] Tap: (275, 1277)
[2026-04-30 13:05:20] [INFO] Tap btn_chua_co_hang.png at (275,1277)
[2026-04-30 13:05:20] [INFO]   ✅ Đã click 'Chưa có hàng'
[2026-04-30 13:05:21] [INFO]   ✅ Xử lý đơn #2
[2026-04-30 13:05:22] [INFO]   🟡 Click dấu (!) yellow tại (652, 453) conf=0.98
[2026-04-30 13:05:23] [DEBUG] Tap: (652, 453)
[2026-04-30 13:05:27] [DEBUG] Screenshot OK: (900, 1600)
[2026-04-30 13:05:27] [DEBUG] Found btn_den_lam.png at (597,1277) conf=1.000
[2026-04-30 13:05:27] [DEBUG] Tap: (597, 1277)
[2026-04-30 13:05:27] [INFO] Tap btn_den_lam.png at (597,1277)
[2026-04-30 13:05:27] [INFO]   🔨 Đã click 'Đến làm'
[2026-04-30 13:05:30] [DEBUG] Screenshot OK: (900, 1600)
[2026-04-30 13:05:30] [DEBUG] Found btn_lam.png at (445,1477) conf=0.998
[2026-04-30 13:05:30] [DEBUG] Tap: (445, 1477)
[2026-04-30 13:05:31] [INFO]   ✅ Đã click 'Làm' tại (445, 1477)
[2026-04-30 13:05:34] [DEBUG] Tap: (450, 1550)
[2026-04-30 13:05:34] [INFO]   ✅ Tap ngoài popup 'Làm xong'
[2026-04-30 13:05:37] [DEBUG] Screenshot OK: (900, 1600)
[2026-04-30 13:05:37] [DEBUG] Found btn_giao.png at (595,1277) conf=1.000
[2026-04-30 13:05:37] [DEBUG] Tap: (595, 1277)
[2026-04-30 13:05:37] [INFO]   📦 Đã click 'Giao' tại (595, 1277)
[2026-04-30 13:05:41] [DEBUG] Tap: (450, 1200)
[2026-04-30 13:05:41] [INFO]   🎉 Đã đóng popup phần thưởng
[2026-04-30 13:05:42] [INFO]   ✅ Xử lý đơn #3
[2026-04-30 13:05:46] [DEBUG] Screenshot OK: (900, 1600)
[2026-04-30 13:05:46] [INFO] Đã xử lý 3 đơn hàng
[2026-04-30 13:05:46] [INFO] Kết quả giao hàng: 3 đơn đã xử lý
[2026-04-30 13:05:46] [INFO] Đã ngắt kết nối ADB
[2026-04-30 13:05:46] [INFO] DONE
[2026-04-30 13:06:48] [INFO] Tìm thấy ADB trong PATH
[2026-04-30 13:06:48] [INFO] Đang kết nối tới 127.0.0.1:5555...
[2026-04-30 13:06:51] [INFO] ✅ Đã kết nối: 127.0.0.1:5555
[2026-04-30 13:06:53] [DEBUG] Screenshot OK: (900, 1600)
[2026-04-30 13:06:53] [INFO] Đã ngắt kết nối ADB
[2026-04-30 13:07:38] [INFO] Tìm thấy ADB trong PATH
[2026-04-30 13:07:38] [INFO] Đang kết nối tới 127.0.0.1:5555...
[2026-04-30 13:07:40] [INFO] ✅ Đã kết nối: 127.0.0.1:5555
[2026-04-30 13:07:41] [DEBUG] Screenshot OK: (900, 1600)
[2026-04-30 13:07:41] [DEBUG] Tap: (533, 1396)
[2026-04-30 13:07:46] [DEBUG] Screenshot OK: (900, 1600)
[2026-04-30 13:07:46] [INFO] Đã ngắt kết nối ADB
[2026-04-30 13:14:23] [INFO] Tìm thấy ADB trong PATH
[2026-04-30 13:14:23] [INFO] Đang kết nối tới 127.0.0.1:5555...
[2026-04-30 13:14:25] [INFO] ✅ Đã kết nối: 127.0.0.1:5555
[2026-04-30 13:14:26] [DEBUG] Tap: (533, 1396)
[2026-04-30 13:14:30] [DEBUG] Screenshot OK: (900, 1600)
[2026-04-30 13:14:31] [DEBUG] Tap: (90, 960)
[2026-04-30 13:14:35] [DEBUG] Screenshot OK: (900, 1600)
[2026-04-30 13:14:36] [INFO] Đã ngắt kết nối ADB
[2026-04-30 13:17:14] [INFO] ==================================================
[2026-04-30 13:17:14] [INFO] TEST: GIAO HÀNG
[2026-04-30 13:17:14] [INFO] ==================================================
[2026-04-30 13:17:14] [INFO] Tìm thấy ADB trong PATH
[2026-04-30 13:17:14] [INFO] Đang kết nối tới 127.0.0.1:5555...
[2026-04-30 13:17:17] [INFO] ✅ Đã kết nối: 127.0.0.1:5555
[2026-04-30 13:17:17] [INFO] 📦 Bắt đầu XỬ LÝ ĐƠN HÀNG...
[2026-04-30 13:17:18] [DEBUG] Screenshot OK: (900, 1600)
[2026-04-30 13:17:18] [INFO] Tìm thấy 3 dấu (!): 1 đỏ, 2 vàng
[2026-04-30 13:17:18] [INFO]   🔴 Click dấu (!) red tại (652, 424) conf=1.00
[2026-04-30 13:17:18] [DEBUG] Tap: (652, 424)
[2026-04-30 13:17:23] [DEBUG] Screenshot OK: (900, 1600)
[2026-04-30 13:17:23] [DEBUG] Found btn_chua_co_hang.png at (275,1277) conf=1.000
[2026-04-30 13:17:23] [DEBUG] Tap: (275, 1277)
[2026-04-30 13:17:24] [INFO] Tap btn_chua_co_hang.png at (275,1277)
[2026-04-30 13:17:24] [INFO]   ✅ Đã click 'Chưa có hàng'
[2026-04-30 13:17:25] [INFO]   ✅ Xử lý đơn #1
[2026-04-30 13:17:26] [INFO]   🟡 Click dấu (!) yellow tại (274, 728) conf=0.98
[2026-04-30 13:17:26] [DEBUG] Tap: (274, 728)
[2026-04-30 13:17:30] [DEBUG] Screenshot OK: (900, 1600)
[2026-04-30 13:17:31] [DEBUG] Found btn_den_lam.png at (597,1277) conf=1.000
[2026-04-30 13:17:31] [DEBUG] Tap: (597, 1277)
[2026-04-30 13:17:31] [INFO] Tap btn_den_lam.png at (597,1277)
[2026-04-30 13:17:31] [INFO]   🔨 Đã click 'Đến làm'
[2026-04-30 13:17:34] [DEBUG] Screenshot OK: (900, 1600)
[2026-04-30 13:17:34] [DEBUG] Found btn_lam.png at (445,1477) conf=0.997
[2026-04-30 13:17:34] [DEBUG] Tap: (445, 1477)
[2026-04-30 13:17:35] [INFO]   ✅ Đã click 'Làm' tại (445, 1477)
[2026-04-30 13:17:38] [DEBUG] Tap: (450, 1550)
[2026-04-30 13:17:38] [INFO]   ✅ Tap ngoài popup 'Làm xong'
[2026-04-30 13:17:41] [DEBUG] Screenshot OK: (900, 1600)
[2026-04-30 13:17:41] [DEBUG] Found btn_giao.png at (595,1277) conf=1.000
[2026-04-30 13:17:41] [DEBUG] Tap: (595, 1277)
[2026-04-30 13:17:42] [INFO]   📦 Đã click 'Giao' tại (595, 1277)
[2026-04-30 13:17:45] [DEBUG] Tap: (450, 1200)
[2026-04-30 13:17:45] [INFO]   🎉 Đã đóng popup phần thưởng
[2026-04-30 13:17:46] [INFO]   ✅ Xử lý đơn #2
[2026-04-30 13:17:47] [INFO]   🟡 Click dấu (!) yellow tại (768, 733) conf=0.98
[2026-04-30 13:17:47] [DEBUG] Tap: (768, 733)
[2026-04-30 13:17:51] [DEBUG] Screenshot OK: (900, 1600)
[2026-04-30 13:17:52] [DEBUG] Found btn_den_lam.png at (597,1277) conf=1.000
[2026-04-30 13:17:52] [DEBUG] Tap: (597, 1277)
[2026-04-30 13:17:52] [INFO] Tap btn_den_lam.png at (597,1277)
[2026-04-30 13:17:52] [INFO]   🔨 Đã click 'Đến làm'
[2026-04-30 13:17:55] [DEBUG] Screenshot OK: (900, 1600)
[2026-04-30 13:17:55] [DEBUG] Found btn_lam.png at (445,1477) conf=0.997
[2026-04-30 13:17:56] [DEBUG] Tap: (445, 1477)
[2026-04-30 13:17:56] [INFO]   ✅ Đã click 'Làm' tại (445, 1477)
[2026-04-30 13:17:59] [DEBUG] Tap: (450, 1550)
[2026-04-30 13:17:59] [INFO]   ✅ Tap ngoài popup 'Làm xong'
[2026-04-30 13:18:03] [DEBUG] Screenshot OK: (900, 1600)
[2026-04-30 13:18:03] [DEBUG] Found btn_giao.png at (595,1277) conf=1.000
[2026-04-30 13:18:03] [DEBUG] Tap: (595, 1277)
[2026-04-30 13:18:03] [INFO]   📦 Đã click 'Giao' tại (595, 1277)
[2026-04-30 13:18:06] [DEBUG] Tap: (450, 1200)
[2026-04-30 13:18:07] [INFO]   🎉 Đã đóng popup phần thưởng
[2026-04-30 13:18:08] [INFO]   ✅ Xử lý đơn #3
[2026-04-30 13:18:12] [DEBUG] Screenshot OK: (900, 1600)
[2026-04-30 13:18:12] [INFO] Đã xử lý 3 đơn hàng
[2026-04-30 13:18:12] [INFO] Kết quả giao hàng: 3 đơn đã xử lý
[2026-04-30 13:18:12] [INFO] Đã ngắt kết nối ADB
[2026-04-30 13:18:12] [INFO] DONE
[2026-04-30 13:19:04] [INFO] Tìm thấy ADB trong PATH
[2026-04-30 13:19:04] [INFO] Đang kết nối tới 127.0.0.1:5555...
[2026-04-30 13:19:06] [INFO] ✅ Đã kết nối: 127.0.0.1:5555
[2026-04-30 13:19:06] [DEBUG] Tap: (533, 1396)
[2026-04-30 13:19:11] [DEBUG] Screenshot OK: (900, 1600)
[2026-04-30 13:19:11] [INFO] Đã ngắt kết nối ADB
[2026-04-30 13:20:54] [INFO] Tìm thấy ADB trong PATH
[2026-04-30 13:20:54] [INFO] Đang kết nối tới 127.0.0.1:5555...
[2026-04-30 13:20:56] [INFO] ✅ Đã kết nối: 127.0.0.1:5555
[2026-04-30 13:20:56] [DEBUG] Tap: (570, 1120)
[2026-04-30 13:21:01] [DEBUG] Screenshot OK: (900, 1600)
[2026-04-30 13:21:01] [INFO] Đã ngắt kết nối ADB
[2026-04-30 13:25:08] [INFO] Tìm thấy ADB trong PATH
[2026-04-30 13:25:08] [INFO] Đang kết nối tới 127.0.0.1:5555...
[2026-04-30 13:25:10] [INFO] ✅ Đã kết nối: 127.0.0.1:5555
[2026-04-30 13:25:10] [DEBUG] Tap: (533, 1396)
[2026-04-30 13:25:14] [DEBUG] Tap: (585, 1264)
[2026-04-30 13:25:18] [DEBUG] Screenshot OK: (900, 1600)
[2026-04-30 13:25:18] [INFO] Đã ngắt kết nối ADB
[2026-04-30 13:26:29] [INFO] Tìm thấy ADB trong PATH
[2026-04-30 13:26:29] [INFO] Đang kết nối tới 127.0.0.1:5555...
[2026-04-30 13:26:31] [INFO] ✅ Đã kết nối: 127.0.0.1:5555
[2026-04-30 13:26:32] [DEBUG] Tap: (533, 1396)
[2026-04-30 13:26:35] [DEBUG] Tap: (628, 1179)
[2026-04-30 13:26:40] [DEBUG] Screenshot OK: (900, 1600)
[2026-04-30 13:26:40] [INFO] Đã ngắt kết nối ADB
[2026-04-30 13:26:56] [INFO] Tìm thấy ADB trong PATH
[2026-04-30 13:26:56] [INFO] Đang kết nối tới 127.0.0.1:5555...
[2026-04-30 13:26:58] [INFO] ✅ Đã kết nối: 127.0.0.1:5555
[2026-04-30 13:26:58] [DEBUG] Tap: (533, 1396)
[2026-04-30 13:27:43] [INFO] ==================================================
[2026-04-30 13:27:43] [INFO] TEST: GIAO HÀNG
[2026-04-30 13:27:43] [INFO] ==================================================
[2026-04-30 13:27:43] [INFO] Tìm thấy ADB trong PATH
[2026-04-30 13:27:43] [INFO] Đang kết nối tới 127.0.0.1:5555...
[2026-04-30 13:27:45] [INFO] ✅ Đã kết nối: 127.0.0.1:5555
[2026-04-30 13:27:45] [INFO] 📦 Bắt đầu XỬ LÝ ĐƠN HÀNG...
[2026-04-30 13:27:46] [DEBUG] Screenshot OK: (900, 1600)
[2026-04-30 13:27:47] [INFO] Tìm thấy 3 dấu (!): 1 đỏ, 2 vàng
[2026-04-30 13:27:47] [INFO]   🔴 Click dấu (!) red tại (652, 421) conf=1.00
[2026-04-30 13:27:47] [DEBUG] Tap: (652, 421)
[2026-04-30 13:27:51] [DEBUG] Screenshot OK: (900, 1600)
[2026-04-30 13:27:51] [DEBUG] Found btn_chua_co_hang.png at (275,1277) conf=1.000
[2026-04-30 13:27:51] [DEBUG] Tap: (275, 1277)
[2026-04-30 13:27:52] [INFO] Tap btn_chua_co_hang.png at (275,1277)
[2026-04-30 13:27:52] [INFO]   ✅ Đã click 'Chưa có hàng'
[2026-04-30 13:27:53] [INFO]   ✅ Xử lý đơn #1
[2026-04-30 13:27:54] [INFO]   🟡 Click dấu (!) yellow tại (767, 713) conf=0.98
[2026-04-30 13:27:54] [DEBUG] Tap: (767, 713)
[2026-04-30 13:27:58] [DEBUG] Screenshot OK: (900, 1600)
[2026-04-30 13:27:58] [DEBUG] Found btn_den_lam.png at (597,1277) conf=1.000
[2026-04-30 13:27:58] [DEBUG] Tap: (597, 1277)
[2026-04-30 13:27:59] [INFO] Tap btn_den_lam.png at (597,1277)
[2026-04-30 13:27:59] [INFO]   🔨 Đã click 'Đến làm'
[2026-04-30 13:28:01] [DEBUG] Screenshot OK: (900, 1600)
[2026-04-30 13:28:01] [DEBUG] Found btn_lam.png at (445,1477) conf=0.991
[2026-04-30 13:28:02] [DEBUG] Tap: (445, 1477)
[2026-04-30 13:28:02] [INFO]   ✅ Đã click 'Làm' tại (445, 1477)
[2026-04-30 13:28:05] [DEBUG] Tap: (450, 1550)
[2026-04-30 13:28:05] [INFO]   ✅ Tap ngoài popup 'Làm xong'
[2026-04-30 13:28:08] [DEBUG] Screenshot OK: (900, 1600)
[2026-04-30 13:28:08] [DEBUG] Found btn_giao.png at (595,1277) conf=1.000
[2026-04-30 13:28:08] [DEBUG] Tap: (595, 1277)
[2026-04-30 13:28:09] [INFO]   📦 Đã click 'Giao' tại (595, 1277)
[2026-04-30 13:28:12] [DEBUG] Tap: (450, 1200)
[2026-04-30 13:28:12] [INFO]   🎉 Đã đóng popup phần thưởng
[2026-04-30 13:28:13] [INFO]   ✅ Xử lý đơn #2
[2026-04-30 13:28:14] [INFO]   🟡 Click dấu (!) yellow tại (273, 747) conf=0.98
[2026-04-30 13:28:14] [DEBUG] Tap: (273, 747)
[2026-04-30 13:28:18] [DEBUG] Screenshot OK: (900, 1600)
[2026-04-30 13:28:19] [DEBUG] Found btn_den_lam.png at (597,1277) conf=1.000
[2026-04-30 13:28:19] [DEBUG] Tap: (597, 1277)
[2026-04-30 13:28:19] [INFO] Tap btn_den_lam.png at (597,1277)
[2026-04-30 13:28:19] [INFO]   🔨 Đã click 'Đến làm'
[2026-04-30 13:28:22] [DEBUG] Screenshot OK: (900, 1600)
[2026-04-30 13:28:22] [DEBUG] Found btn_lam.png at (445,1477) conf=0.992
[2026-04-30 13:28:22] [DEBUG] Tap: (445, 1477)
[2026-04-30 13:28:22] [INFO]   ✅ Đã click 'Làm' tại (445, 1477)
[2026-04-30 13:28:26] [DEBUG] Tap: (450, 1550)
[2026-04-30 13:28:26] [INFO]   ✅ Tap ngoài popup 'Làm xong'
[2026-04-30 13:28:29] [DEBUG] Screenshot OK: (900, 1600)
[2026-04-30 13:28:29] [DEBUG] Found btn_giao.png at (595,1277) conf=1.000
[2026-04-30 13:28:29] [DEBUG] Tap: (595, 1277)
[2026-04-30 13:28:29] [INFO]   📦 Đã click 'Giao' tại (595, 1277)
[2026-04-30 13:28:32] [DEBUG] Tap: (450, 1200)
[2026-04-30 13:28:33] [INFO]   🎉 Đã đóng popup phần thưởng
[2026-04-30 13:28:34] [INFO]   ✅ Xử lý đơn #3
[2026-04-30 13:28:38] [DEBUG] Screenshot OK: (900, 1600)
[2026-04-30 13:28:38] [INFO] Đã xử lý 3 đơn hàng
[2026-04-30 13:28:38] [INFO] Kết quả giao hàng: 3 đơn đã xử lý
[2026-04-30 13:28:38] [INFO] Đã ngắt kết nối ADB
[2026-04-30 13:28:38] [INFO] DONE
[2026-04-30 13:30:07] [INFO] Tìm thấy ADB trong PATH
[2026-04-30 13:30:07] [INFO] Đang kết nối tới 127.0.0.1:5555...
[2026-04-30 13:30:10] [INFO] ✅ Đã kết nối: 127.0.0.1:5555
[2026-04-30 13:30:10] [DEBUG] Tap: (533, 1396)
[2026-04-30 13:30:14] [DEBUG] Screenshot OK: (900, 1600)
[2026-04-30 13:30:14] [DEBUG] Tap: (628, 1179)
[2026-04-30 13:30:19] [DEBUG] Screenshot OK: (900, 1600)
[2026-04-30 13:30:19] [INFO] Đã ngắt kết nối ADB
[2026-04-30 13:44:20] [INFO] ==================================================
[2026-04-30 13:44:20] [INFO] TEST: TRỒNG CÂY
[2026-04-30 13:44:20] [INFO] ==================================================
[2026-04-30 13:44:20] [INFO] Tìm thấy ADB trong PATH
[2026-04-30 13:44:20] [INFO] Đang kết nối tới 127.0.0.1:5555...
[2026-04-30 13:44:22] [INFO] ✅ Đã kết nối: 127.0.0.1:5555
[2026-04-30 13:44:22] [INFO] 🌱 Bắt đầu TRỒNG CÂY...
[2026-04-30 13:44:22] [INFO]   --- Ô đất #1 tại (533, 1396) ---
[2026-04-30 13:44:22] [DEBUG] Tap: (533, 1396)
[2026-04-30 13:44:22] [INFO]   Tap ô đất (533, 1396)
[2026-04-30 13:44:25] [DEBUG] Tap: (90, 960)
[2026-04-30 13:44:25] [INFO]   🌸 Chọn hoa tại (90, 960)
[2026-04-30 13:44:27] [DEBUG] Tap: (533, 1396)
[2026-04-30 13:44:27] [INFO]   Tap ô đất (533, 1396)
[2026-04-30 13:44:29] [DEBUG] Tap: (628, 1179)
[2026-04-30 13:44:30] [INFO]   ⚡ Tưới nhanh tại (628, 1179)
[2026-04-30 13:44:31] [DEBUG] Tap: (533, 1396)
[2026-04-30 13:44:31] [INFO]   Tap ô đất (533, 1396)
[2026-04-30 13:44:33] [DEBUG] Tap: (628, 1179)
[2026-04-30 13:44:34] [INFO]   ⚡ Thu hoạch nhanh tại (628, 1179)
[2026-04-30 13:44:35] [INFO]   ✅ Hoàn thành ô #1
[2026-04-30 13:44:35] [INFO] 🌾 Đã trồng & thu hoạch 1/1 ô
[2026-04-30 13:44:35] [INFO] Kết quả: 1 ô đã trồng & thu hoạch
[2026-04-30 13:44:35] [INFO] Đã ngắt kết nối ADB
[2026-04-30 13:44:35] [INFO] DONE
[2026-04-30 13:45:51] [INFO] ==================================================
[2026-04-30 13:45:51] [INFO] TEST: TRỒNG CÂY
[2026-04-30 13:45:51] [INFO] ==================================================
[2026-04-30 13:45:51] [INFO] Tìm thấy ADB trong PATH
[2026-04-30 13:45:51] [INFO] Đang kết nối tới 127.0.0.1:5555...
[2026-04-30 13:45:53] [INFO] ✅ Đã kết nối: 127.0.0.1:5555
[2026-04-30 13:45:53] [INFO] 🌱 Bắt đầu TRỒNG CÂY...
[2026-04-30 13:45:53] [INFO]   --- Ô đất #1 tại (533, 1396) ---
[2026-04-30 13:45:54] [DEBUG] Tap: (533, 1396)
[2026-04-30 13:45:54] [INFO]   Tap ô đất (533, 1396)
[2026-04-30 13:45:56] [DEBUG] Tap: (90, 960)
[2026-04-30 13:45:56] [INFO]   🌸 Chọn hoa tại (90, 960)
[2026-04-30 13:45:58] [DEBUG] Tap: (533, 1396)
[2026-04-30 13:45:59] [INFO]   Tap ô đất (533, 1396)
[2026-04-30 13:46:01] [DEBUG] Tap: (628, 1179)
[2026-04-30 13:46:01] [INFO]   ⚡ Tưới nhanh tại (628, 1179)
[2026-04-30 13:46:02] [DEBUG] Tap: (533, 1396)
[2026-04-30 13:46:03] [INFO]   Tap ô đất (533, 1396)
[2026-04-30 13:46:05] [DEBUG] Tap: (628, 1179)
[2026-04-30 13:46:05] [INFO]   ⚡ Thu hoạch nhanh tại (628, 1179)
[2026-04-30 13:46:06] [INFO]   ✅ Hoàn thành ô #1
[2026-04-30 13:46:06] [INFO] 🌾 Đã trồng & thu hoạch 1/1 ô
[2026-04-30 13:46:06] [INFO] Kết quả: 1 ô đã trồng & thu hoạch
[2026-04-30 13:46:06] [INFO] Đã ngắt kết nối ADB
[2026-04-30 13:46:06] [INFO] DONE
[2026-04-30 13:50:31] [INFO] ==================================================
[2026-04-30 13:50:31] [INFO] TEST: TRỒNG CÂY
[2026-04-30 13:50:31] [INFO] ==================================================
[2026-04-30 13:50:31] [INFO] Tìm thấy ADB trong PATH
[2026-04-30 13:50:31] [INFO] Đang kết nối tới 127.0.0.1:5555...
[2026-04-30 13:50:33] [INFO] ✅ Đã kết nối: 127.0.0.1:5555
[2026-04-30 13:50:33] [INFO] 🌱 Bắt đầu TRỒNG CÂY...
[2026-04-30 13:50:33] [INFO]   --- Ô đất #1 tại (533, 1396) ---
[2026-04-30 13:50:34] [DEBUG] Tap: (533, 1396)
[2026-04-30 13:50:34] [INFO]   Tap ô đất (533, 1396)
[2026-04-30 13:50:37] [DEBUG] Tap: (90, 960)
[2026-04-30 13:50:38] [INFO]   🌸 Chọn hoa tại (90, 960)
[2026-04-30 13:50:41] [DEBUG] Tap: (533, 1396)
[2026-04-30 13:50:41] [INFO]   Tap ô đất (533, 1396)
[2026-04-30 13:50:44] [DEBUG] Tap: (628, 1179)
[2026-04-30 13:50:45] [INFO]   ⚡ Tưới nhanh tại (628, 1179)
[2026-04-30 13:50:48] [DEBUG] Tap: (533, 1396)
[2026-04-30 13:50:48] [INFO]   Tap ô đất (533, 1396)
[2026-04-30 13:50:51] [DEBUG] Tap: (628, 1179)
[2026-04-30 13:50:51] [INFO]   ⚡ Thu hoạch nhanh tại (628, 1179)
[2026-04-30 13:50:54] [INFO]   ✅ Hoàn thành ô #1
[2026-04-30 13:50:54] [INFO] 🌾 Đã trồng & thu hoạch 1/1 ô
[2026-04-30 13:50:54] [INFO] Kết quả: 1 ô đã trồng & thu hoạch
[2026-04-30 13:50:54] [INFO] Đã ngắt kết nối ADB
[2026-04-30 13:50:54] [INFO] DONE
[2026-04-30 13:51:12] [INFO] ==================================================
[2026-04-30 13:51:12] [INFO] TEST: TRỒNG CÂY
[2026-04-30 13:51:12] [INFO] ==================================================
[2026-04-30 13:51:12] [INFO] Tìm thấy ADB trong PATH
[2026-04-30 13:51:12] [INFO] Đang kết nối tới 127.0.0.1:5555...
[2026-04-30 13:51:14] [INFO] ✅ Đã kết nối: 127.0.0.1:5555
[2026-04-30 13:51:14] [INFO] 🌱 Bắt đầu TRỒNG CÂY...
[2026-04-30 13:51:14] [INFO]   --- Ô đất #1 tại (533, 1396) ---
[2026-04-30 13:51:14] [DEBUG] Tap: (533, 1396)
[2026-04-30 13:51:14] [INFO]   Tap ô đất (533, 1396)
[2026-04-30 13:51:17] [DEBUG] Tap: (90, 960)
[2026-04-30 13:51:18] [INFO]   🌸 Chọn hoa tại (90, 960)
[2026-04-30 13:51:21] [DEBUG] Tap: (533, 1396)
[2026-04-30 13:51:21] [INFO]   Tap ô đất (533, 1396)
[2026-04-30 13:51:24] [DEBUG] Tap: (628, 1179)
[2026-04-30 13:51:24] [INFO]   ⚡ Tưới nhanh tại (628, 1179)
[2026-04-30 13:51:28] [DEBUG] Tap: (533, 1396)
[2026-04-30 13:51:28] [INFO]   Tap ô đất (533, 1396)
[2026-04-30 13:51:31] [DEBUG] Tap: (628, 1179)
[2026-04-30 13:51:31] [INFO]   ⚡ Thu hoạch nhanh tại (628, 1179)
[2026-04-30 13:51:34] [INFO]   ✅ Hoàn thành ô #1
[2026-04-30 13:51:34] [INFO] 🌾 Đã trồng & thu hoạch 1/1 ô
[2026-04-30 13:51:34] [INFO] Kết quả: 1 ô đã trồng & thu hoạch
[2026-04-30 13:51:34] [INFO] Đã ngắt kết nối ADB
[2026-04-30 13:51:34] [INFO] DONE
[2026-04-30 13:51:45] [INFO] ==================================================
[2026-04-30 13:51:45] [INFO] TEST: TRỒNG CÂY
[2026-04-30 13:51:45] [INFO] ==================================================
[2026-04-30 13:51:45] [INFO] Tìm thấy ADB trong PATH
[2026-04-30 13:51:45] [INFO] Đang kết nối tới 127.0.0.1:5555...
[2026-04-30 13:51:48] [INFO] ✅ Đã kết nối: 127.0.0.1:5555
[2026-04-30 13:51:48] [INFO] 🌱 Bắt đầu TRỒNG CÂY...
[2026-04-30 13:51:48] [INFO]   --- Ô đất #1 tại (533, 1396) ---
[2026-04-30 13:51:48] [DEBUG] Tap: (533, 1396)
[2026-04-30 13:51:48] [INFO]   Tap ô đất (533, 1396)
[2026-04-30 13:51:51] [DEBUG] Tap: (90, 960)
[2026-04-30 13:51:51] [INFO]   🌸 Chọn hoa tại (90, 960)
[2026-04-30 13:51:55] [DEBUG] Tap: (533, 1396)
[2026-04-30 13:51:55] [INFO]   Tap ô đất (533, 1396)
[2026-04-30 13:51:58] [DEBUG] Tap: (628, 1179)
[2026-04-30 13:51:58] [INFO]   ⚡ Tưới nhanh tại (628, 1179)
[2026-04-30 13:52:01] [DEBUG] Tap: (533, 1396)
[2026-04-30 13:52:02] [INFO]   Tap ô đất (533, 1396)
[2026-04-30 13:52:05] [DEBUG] Tap: (628, 1179)
[2026-04-30 13:52:05] [INFO]   ⚡ Thu hoạch nhanh tại (628, 1179)
[2026-04-30 13:52:08] [INFO]   ✅ Hoàn thành ô #1
[2026-04-30 13:52:08] [INFO] 🌾 Đã trồng & thu hoạch 1/1 ô
[2026-04-30 13:52:08] [INFO] Kết quả: 1 ô đã trồng & thu hoạch
[2026-04-30 13:52:08] [INFO] Đã ngắt kết nối ADB
[2026-04-30 13:52:08] [INFO] DONE
[2026-04-30 13:53:07] [INFO] ==================================================
[2026-04-30 13:53:07] [INFO] TEST: GIAO HÀNG
[2026-04-30 13:53:07] [INFO] ==================================================
[2026-04-30 13:53:07] [INFO] Tìm thấy ADB trong PATH
[2026-04-30 13:53:07] [INFO] Đang kết nối tới 127.0.0.1:5555...
[2026-04-30 13:53:09] [INFO] ✅ Đã kết nối: 127.0.0.1:5555
[2026-04-30 13:53:09] [INFO] 📦 Bắt đầu XỬ LÝ ĐƠN HÀNG...
[2026-04-30 13:53:11] [DEBUG] Screenshot OK: (900, 1600)
[2026-04-30 13:53:11] [INFO] Tìm thấy 3 dấu (!): 1 đỏ, 2 vàng
[2026-04-30 13:53:11] [INFO]   🔴 Click dấu (!) red tại (652, 424) conf=1.00
[2026-04-30 13:53:11] [DEBUG] Tap: (652, 424)
[2026-04-30 13:53:15] [DEBUG] Screenshot OK: (900, 1600)
[2026-04-30 13:53:16] [DEBUG] Found btn_chua_co_hang.png at (275,1277) conf=1.000
[2026-04-30 13:53:16] [DEBUG] Tap: (275, 1277)
[2026-04-30 13:53:16] [INFO] Tap btn_chua_co_hang.png at (275,1277)
[2026-04-30 13:53:16] [INFO]   ✅ Đã click 'Chưa có hàng'
[2026-04-30 13:53:17] [INFO]   ✅ Xử lý đơn #1
[2026-04-30 13:53:18] [INFO]   🟡 Click dấu (!) yellow tại (274, 700) conf=0.98
[2026-04-30 13:53:18] [DEBUG] Tap: (274, 700)
[2026-04-30 13:53:22] [DEBUG] Screenshot OK: (900, 1600)
[2026-04-30 13:53:23] [DEBUG] Found btn_den_lam.png at (597,1277) conf=1.000
[2026-04-30 13:53:23] [DEBUG] Tap: (597, 1277)
[2026-04-30 13:53:23] [INFO] Tap btn_den_lam.png at (597,1277)
[2026-04-30 13:53:23] [INFO]   🔨 Đã click 'Đến làm'
[2026-04-30 13:53:26] [DEBUG] Screenshot OK: (900, 1600)
[2026-04-30 13:53:26] [DEBUG] Found btn_lam.png at (445,1477) conf=0.998
[2026-04-30 13:53:26] [DEBUG] Tap: (445, 1477)
[2026-04-30 13:53:26] [INFO]   ✅ Đã click 'Làm' tại (445, 1477)
[2026-04-30 13:53:30] [DEBUG] Tap: (450, 1550)
[2026-04-30 13:53:30] [INFO]   ✅ Tap ngoài popup 'Làm xong'
[2026-04-30 13:53:33] [DEBUG] Screenshot OK: (900, 1600)
[2026-04-30 13:53:33] [DEBUG] Found btn_giao.png at (595,1277) conf=1.000
[2026-04-30 13:53:33] [DEBUG] Tap: (595, 1277)
[2026-04-30 13:53:33] [INFO]   📦 Đã click 'Giao' tại (595, 1277)
[2026-04-30 13:53:36] [DEBUG] Tap: (450, 1200)
[2026-04-30 13:53:37] [INFO]   🎉 Đã đóng popup phần thưởng
[2026-04-30 13:53:38] [INFO]   ✅ Xử lý đơn #2
[2026-04-30 13:53:39] [INFO]   🟡 Click dấu (!) yellow tại (768, 733) conf=0.98
[2026-04-30 13:53:39] [DEBUG] Tap: (768, 733)
[2026-04-30 13:53:43] [DEBUG] Screenshot OK: (900, 1600)
[2026-04-30 13:53:43] [DEBUG] Found btn_den_lam.png at (597,1277) conf=1.000
[2026-04-30 13:53:43] [DEBUG] Tap: (597, 1277)
[2026-04-30 13:53:43] [INFO] Tap btn_den_lam.png at (597,1277)
[2026-04-30 13:53:43] [INFO]   🔨 Đã click 'Đến làm'
[2026-04-30 13:53:46] [DEBUG] Screenshot OK: (900, 1600)
[2026-04-30 13:53:46] [DEBUG] Found btn_lam.png at (445,1477) conf=0.998
[2026-04-30 13:53:46] [DEBUG] Tap: (445, 1477)
[2026-04-30 13:53:47] [INFO]   ✅ Đã click 'Làm' tại (445, 1477)
[2026-04-30 13:53:50] [DEBUG] Tap: (450, 1550)
[2026-04-30 13:53:50] [INFO]   ✅ Tap ngoài popup 'Làm xong'
[2026-04-30 13:53:53] [DEBUG] Screenshot OK: (900, 1600)
[2026-04-30 13:53:53] [DEBUG] Found btn_giao.png at (595,1277) conf=1.000
[2026-04-30 13:53:53] [DEBUG] Tap: (595, 1277)
[2026-04-30 13:53:53] [INFO]   📦 Đã click 'Giao' tại (595, 1277)
[2026-04-30 13:53:57] [DEBUG] Tap: (450, 1200)
[2026-04-30 13:53:57] [INFO]   🎉 Đã đóng popup phần thưởng
[2026-04-30 13:53:58] [INFO]   ✅ Xử lý đơn #3
[2026-04-30 13:54:02] [DEBUG] Screenshot OK: (900, 1600)
[2026-04-30 13:54:03] [INFO] Đã xử lý 3 đơn hàng
[2026-04-30 13:54:03] [INFO] Kết quả giao hàng: 3 đơn đã xử lý
[2026-04-30 13:54:03] [INFO] Đã ngắt kết nối ADB
[2026-04-30 13:54:03] [INFO] DONE
[2026-04-30 13:54:49] [INFO] ==================================================
[2026-04-30 13:54:49] [INFO] TEST: GIAO HÀNG
[2026-04-30 13:54:49] [INFO] ==================================================
[2026-04-30 13:54:49] [INFO] Tìm thấy ADB trong PATH
[2026-04-30 13:54:49] [INFO] Đang kết nối tới 127.0.0.1:5555...
[2026-04-30 13:54:51] [INFO] ✅ Đã kết nối: 127.0.0.1:5555
[2026-04-30 13:54:51] [INFO] 📦 Bắt đầu XỬ LÝ ĐƠN HÀNG...
[2026-04-30 13:54:52] [DEBUG] Screenshot OK: (900, 1600)
[2026-04-30 13:54:53] [INFO] Tìm thấy 1 dấu (!): 1 đỏ, 0 vàng
[2026-04-30 13:54:53] [INFO]   🔴 Click dấu (!) red tại (767, 748) conf=1.00
[2026-04-30 13:54:53] [DEBUG] Tap: (767, 748)
[2026-04-30 13:54:57] [DEBUG] Screenshot OK: (900, 1600)
[2026-04-30 13:54:57] [DEBUG] Found btn_chua_co_hang.png at (275,1277) conf=1.000
[2026-04-30 13:54:58] [DEBUG] Tap: (275, 1277)
[2026-04-30 13:54:58] [INFO] Tap btn_chua_co_hang.png at (275,1277)
[2026-04-30 13:54:58] [INFO]   ✅ Đã click 'Chưa có hàng'
[2026-04-30 13:54:59] [INFO]   ✅ Xử lý đơn #1
[2026-04-30 13:55:03] [DEBUG] Screenshot OK: (900, 1600)
[2026-04-30 13:55:03] [INFO] Đã xử lý 1 đơn hàng
[2026-04-30 13:55:03] [INFO] Kết quả giao hàng: 1 đơn đã xử lý
[2026-04-30 13:55:03] [INFO] Đã ngắt kết nối ADB
[2026-04-30 13:55:03] [INFO] DONE
[2026-04-30 14:02:39] [INFO] ==================================================
[2026-04-30 14:02:39] [INFO] TEST: GIAO HÀNG
[2026-04-30 14:02:39] [INFO] ==================================================
[2026-04-30 14:02:39] [INFO] Tìm thấy ADB trong PATH
[2026-04-30 14:02:39] [INFO] Đang kết nối tới 127.0.0.1:5555...
[2026-04-30 14:02:42] [INFO] ✅ Đã kết nối: 127.0.0.1:5555
[2026-04-30 14:02:42] [INFO] 📦 Bắt đầu XỬ LÝ ĐƠN HÀNG...
[2026-04-30 14:02:43] [DEBUG] Screenshot OK: (900, 1600)
[2026-04-30 14:02:43] [INFO] Tìm thấy 3 dấu (!): 2 đỏ, 1 vàng
[2026-04-30 14:02:43] [INFO]   🔴 Click dấu (!) red tại (652, 424) conf=1.00
[2026-04-30 14:02:44] [DEBUG] Tap: (652, 424)
[2026-04-30 14:02:48] [DEBUG] Screenshot OK: (900, 1600)
[2026-04-30 14:02:48] [DEBUG] Found btn_chua_co_hang.png at (275,1277) conf=1.000
[2026-04-30 14:02:49] [DEBUG] Tap: (275, 1277)
[2026-04-30 14:02:49] [INFO] Tap btn_chua_co_hang.png at (275,1277)
[2026-04-30 14:02:49] [INFO]   ✅ Đã click 'Chưa có hàng'
[2026-04-30 14:02:50] [INFO]   ✅ Xử lý đơn #1
[2026-04-30 14:02:51] [INFO]   🔴 Click dấu (!) red tại (767, 729) conf=1.00
[2026-04-30 14:02:51] [DEBUG] Tap: (767, 729)
[2026-04-30 14:02:55] [DEBUG] Screenshot OK: (900, 1600)
[2026-04-30 14:02:55] [DEBUG] Found btn_chua_co_hang.png at (275,1277) conf=1.000
[2026-04-30 14:02:56] [DEBUG] Tap: (275, 1277)
[2026-04-30 14:02:56] [INFO] Tap btn_chua_co_hang.png at (275,1277)
[2026-04-30 14:02:56] [INFO]   ✅ Đã click 'Chưa có hàng'
[2026-04-30 14:02:57] [INFO]   ✅ Xử lý đơn #2
[2026-04-30 14:02:58] [INFO]   🟡 Click dấu (!) yellow tại (274, 699) conf=0.98
[2026-04-30 14:02:58] [DEBUG] Tap: (274, 699)
[2026-04-30 14:03:02] [DEBUG] Screenshot OK: (900, 1600)
[2026-04-30 14:03:02] [DEBUG] Found btn_den_lam.png at (597,1277) conf=1.000
[2026-04-30 14:03:02] [DEBUG] Tap: (597, 1277)
[2026-04-30 14:03:03] [INFO] Tap btn_den_lam.png at (597,1277)
[2026-04-30 14:03:03] [INFO]   🔨 Đã click 'Đến làm'
[2026-04-30 14:03:06] [DEBUG] Screenshot OK: (900, 1600)
[2026-04-30 14:03:06] [DEBUG] Found btn_lam.png at (445,1477) conf=0.995
[2026-04-30 14:03:06] [DEBUG] Tap: (445, 1477)
[2026-04-30 14:03:06] [INFO]   ✅ Đã click 'Làm' tại (445, 1477)
[2026-04-30 14:03:09] [DEBUG] Tap: (450, 1550)
[2026-04-30 14:03:10] [INFO]   ✅ Tap ngoài popup 'Làm xong'
[2026-04-30 14:03:12] [DEBUG] Screenshot OK: (900, 1600)
[2026-04-30 14:03:12] [DEBUG] Found btn_giao.png at (595,1277) conf=1.000
[2026-04-30 14:03:13] [DEBUG] Tap: (595, 1277)
[2026-04-30 14:03:13] [INFO]   📦 Đã click 'Giao' tại (595, 1277)
[2026-04-30 14:03:16] [DEBUG] Tap: (450, 1200)
[2026-04-30 14:03:16] [INFO]   🎉 Đã đóng popup phần thưởng
[2026-04-30 14:03:17] [INFO]   ✅ Xử lý đơn #3
[2026-04-30 14:03:21] [DEBUG] Screenshot OK: (900, 1600)
[2026-04-30 14:03:22] [INFO] Đã xử lý 3 đơn hàng
[2026-04-30 14:03:22] [INFO] Kết quả giao hàng: 3 đơn đã xử lý
[2026-04-30 14:03:22] [INFO] Đã ngắt kết nối ADB
[2026-04-30 14:03:22] [INFO] DONE
[2026-04-30 14:05:29] [INFO] ==================================================
[2026-04-30 14:05:29] [INFO] TEST: GIAO HÀNG
[2026-04-30 14:05:29] [INFO] ==================================================
[2026-04-30 14:05:29] [INFO] Tìm thấy ADB trong PATH
[2026-04-30 14:05:29] [INFO] Đang kết nối tới 127.0.0.1:5555...
[2026-04-30 14:05:31] [INFO] ✅ Đã kết nối: 127.0.0.1:5555
[2026-04-30 14:05:31] [INFO] 📦 Bắt đầu XỬ LÝ ĐƠN HÀNG...
[2026-04-30 14:05:33] [DEBUG] Screenshot OK: (900, 1600)
[2026-04-30 14:05:33] [INFO] Tìm thấy 3 dấu (!): 3 đỏ, 0 vàng
[2026-04-30 14:05:33] [INFO]   🔴 Click dấu (!) red tại (273, 717) conf=1.00
[2026-04-30 14:05:34] [DEBUG] Tap: (273, 717)
[2026-04-30 14:05:38] [DEBUG] Screenshot OK: (900, 1600)
[2026-04-30 14:05:38] [DEBUG] Found btn_chua_co_hang.png at (275,1277) conf=1.000
[2026-04-30 14:05:38] [DEBUG] Tap: (275, 1277)
[2026-04-30 14:05:38] [INFO] Tap btn_chua_co_hang.png at (275,1277)
[2026-04-30 14:05:38] [INFO]   ✅ Đã click 'Chưa có hàng'
[2026-04-30 14:05:39] [INFO]   ✅ Xử lý đơn #1
[2026-04-30 14:05:40] [INFO]   🔴 Click dấu (!) red tại (767, 756) conf=1.00
[2026-04-30 14:05:41] [DEBUG] Tap: (767, 756)
[2026-04-30 14:05:45] [DEBUG] Screenshot OK: (900, 1600)
[2026-04-30 14:05:45] [DEBUG] Found btn_chua_co_hang.png at (275,1277) conf=1.000
[2026-04-30 14:05:45] [DEBUG] Tap: (275, 1277)
[2026-04-30 14:05:45] [INFO] Tap btn_chua_co_hang.png at (275,1277)
[2026-04-30 14:05:45] [INFO]   ✅ Đã click 'Chưa có hàng'
[2026-04-30 14:05:46] [INFO]   ✅ Xử lý đơn #2
[2026-04-30 14:05:47] [INFO]   🔴 Click dấu (!) red tại (652, 424) conf=1.00
[2026-04-30 14:05:48] [DEBUG] Tap: (652, 424)
[2026-04-30 14:05:52] [DEBUG] Screenshot OK: (900, 1600)
[2026-04-30 14:05:52] [DEBUG] Found btn_chua_co_hang.png at (275,1277) conf=1.000
[2026-04-30 14:05:52] [DEBUG] Tap: (275, 1277)
[2026-04-30 14:05:52] [INFO] Tap btn_chua_co_hang.png at (275,1277)
[2026-04-30 14:05:52] [INFO]   ✅ Đã click 'Chưa có hàng'
[2026-04-30 14:05:53] [INFO]   ✅ Xử lý đơn #3
[2026-04-30 14:05:57] [DEBUG] Screenshot OK: (900, 1600)
[2026-04-30 14:05:58] [INFO] Đã xử lý 3 đơn hàng
[2026-04-30 14:05:58] [INFO] Kết quả giao hàng: 3 đơn đã xử lý
[2026-04-30 14:05:58] [INFO] Đã ngắt kết nối ADB
[2026-04-30 14:05:58] [INFO] DONE
[2026-04-30 14:07:08] [INFO] ==================================================
[2026-04-30 14:07:08] [INFO] TEST: TRỒNG CÂY
[2026-04-30 14:07:08] [INFO] ==================================================
[2026-04-30 14:07:08] [INFO] Tìm thấy ADB trong PATH
[2026-04-30 14:07:08] [INFO] Đang kết nối tới 127.0.0.1:5555...
[2026-04-30 14:07:10] [INFO] ✅ Đã kết nối: 127.0.0.1:5555
[2026-04-30 14:07:10] [INFO] 🌱 Bắt đầu TRỒNG CÂY...
[2026-04-30 14:07:10] [INFO]   --- Ô đất #1 tại (533, 1396) ---
[2026-04-30 14:07:10] [DEBUG] Tap: (533, 1396)
[2026-04-30 14:07:10] [INFO]   Tap ô đất (533, 1396)
[2026-04-30 14:07:13] [DEBUG] Tap: (90, 960)
[2026-04-30 14:07:14] [INFO]   🌸 Chọn hoa tại (90, 960)
[2026-04-30 14:07:17] [DEBUG] Tap: (533, 1396)
[2026-04-30 14:07:17] [INFO]   Tap ô đất (533, 1396)
[2026-04-30 14:07:20] [DEBUG] Tap: (628, 1179)
[2026-04-30 14:07:20] [INFO]   ⚡ Tưới nhanh tại (628, 1179)
[2026-04-30 14:07:24] [DEBUG] Tap: (533, 1396)
[2026-04-30 14:07:24] [INFO]   Tap ô đất (533, 1396)
[2026-04-30 14:07:27] [DEBUG] Tap: (628, 1179)
[2026-04-30 14:07:27] [INFO]   ⚡ Thu hoạch nhanh tại (628, 1179)
[2026-04-30 14:07:31] [DEBUG] Tap: (533, 1396)
[2026-04-30 14:07:31] [INFO]   Tap ô đất (533, 1396)
[2026-04-30 14:07:34] [DEBUG] Tap: (817, 1185)
[2026-04-30 14:07:34] [INFO]   ✅ Tap (817, 1185)
[2026-04-30 14:07:37] [INFO]   ✅ Hoàn thành ô #1
[2026-04-30 14:07:37] [INFO] 🌾 Đã trồng & thu hoạch 1/1 ô
[2026-04-30 14:07:37] [INFO] Kết quả: 1 ô đã trồng & thu hoạch
[2026-04-30 14:07:37] [INFO] Đã ngắt kết nối ADB
[2026-04-30 14:07:37] [INFO] DONE
[2026-04-30 14:16:34] [INFO] Tìm thấy ADB trong PATH
[2026-04-30 14:16:34] [INFO] Đang kết nối tới 127.0.0.1:5555...
[2026-04-30 14:16:36] [INFO] ✅ Đã kết nối: 127.0.0.1:5555
[2026-04-30 14:16:37] [DEBUG] Screenshot OK: (900, 1600)
[2026-04-30 14:16:37] [INFO] Đã ngắt kết nối ADB
